
AVRASM ver. 2.1.30  C:\Users\Lenovo\Documents\KULIAH\E-LEARNING\SEMESTER 3\PRAKTEK MA\UAS\UAS-MA\AVR\Debug\List\uas-ma.asm Tue Dec 27 19:22:29 2022

C:\Users\Lenovo\Documents\KULIAH\E-LEARNING\SEMESTER 3\PRAKTEK MA\UAS\UAS-MA\AVR\Debug\List\uas-ma.asm(1417): warning: Register r4 already defined by the .DEF directive
C:\Users\Lenovo\Documents\KULIAH\E-LEARNING\SEMESTER 3\PRAKTEK MA\UAS\UAS-MA\AVR\Debug\List\uas-ma.asm(1418): warning: Register r5 already defined by the .DEF directive
C:\Users\Lenovo\Documents\KULIAH\E-LEARNING\SEMESTER 3\PRAKTEK MA\UAS\UAS-MA\AVR\Debug\List\uas-ma.asm(1419): warning: Register r6 already defined by the .DEF directive
C:\Users\Lenovo\Documents\KULIAH\E-LEARNING\SEMESTER 3\PRAKTEK MA\UAS\UAS-MA\AVR\Debug\List\uas-ma.asm(1420): warning: Register r7 already defined by the .DEF directive
C:\Users\Lenovo\Documents\KULIAH\E-LEARNING\SEMESTER 3\PRAKTEK MA\UAS\UAS-MA\AVR\Debug\List\uas-ma.asm(1421): warning: Register r9 already defined by the .DEF directive
C:\Users\Lenovo\Documents\KULIAH\E-LEARNING\SEMESTER 3\PRAKTEK MA\UAS\UAS-MA\AVR\Debug\List\uas-ma.asm(1422): warning: Register r8 already defined by the .DEF directive
C:\Users\Lenovo\Documents\KULIAH\E-LEARNING\SEMESTER 3\PRAKTEK MA\UAS\UAS-MA\AVR\Debug\List\uas-ma.asm(1423): warning: Register r11 already defined by the .DEF directive
C:\Users\Lenovo\Documents\KULIAH\E-LEARNING\SEMESTER 3\PRAKTEK MA\UAS\UAS-MA\AVR\Debug\List\uas-ma.asm(1424): warning: Register r10 already defined by the .DEF directive
C:\Users\Lenovo\Documents\KULIAH\E-LEARNING\SEMESTER 3\PRAKTEK MA\UAS\UAS-MA\AVR\Debug\List\uas-ma.asm(1425): warning: Register r13 already defined by the .DEF directive
C:\Users\Lenovo\Documents\KULIAH\E-LEARNING\SEMESTER 3\PRAKTEK MA\UAS\UAS-MA\AVR\Debug\List\uas-ma.asm(1426): warning: Register r12 already defined by the .DEF directive
                 
                 
                 ;CodeVisionAVR C Compiler V3.49a Evaluation
                 ;(C) Copyright 1998-2022 Pavel Haiduc, HP InfoTech S.R.L.
                 ;http://www.hpinfotech.ro
                 
                 ;Build configuration    : Debug
                 ;Chip type              : ATmega32
                 ;Program type           : Application
                 ;Clock frequency        : 12,000000 MHz
                 ;Memory model           : Small
                 ;Optimize for           : Size
                 ;(s)printf features     : int, width
                 ;(s)scanf features      : int, width
                 ;External RAM size      : 0
                 ;Data Stack size        : 512 byte(s)
                 ;Heap size              : 0 byte(s)
                 ;Promote 'char' to 'int': Yes
                 ;'char' is unsigned     : Yes
                 ;8 bit enums            : Yes
                 ;Global 'const' stored in FLASH: Yes
                 ;Enhanced function parameter passing: Mode 2
                 ;Enhanced core instructions: On
                 ;Automatic register allocation for global variables: On
                 ;Smart register allocation: On
                 
                 	#define _MODEL_SMALL_
                 
                 	#pragma AVRPART ADMIN PART_NAME ATmega32
                 	#pragma AVRPART MEMORY PROG_FLASH 32768
                 	#pragma AVRPART MEMORY EEPROM 1024
                 	#pragma AVRPART MEMORY INT_SRAM SIZE 2048
                 	#pragma AVRPART MEMORY INT_SRAM START_ADDR 0x60
                 
                 	#define CALL_SUPPORTED 1
                 
                 	.LISTMAC
                 	.EQU UDRE=0x5
                 	.EQU RXC=0x7
                 	.EQU USR=0xB
                 	.EQU UDR=0xC
                 	.EQU SPSR=0xE
                 	.EQU SPDR=0xF
                 	.EQU EERE=0x0
                 	.EQU EEWE=0x1
                 	.EQU EEMWE=0x2
                 	.EQU EECR=0x1C
                 	.EQU EEDR=0x1D
                 	.EQU EEARL=0x1E
                 	.EQU EEARH=0x1F
                 	.EQU WDTCR=0x21
                 	.EQU MCUCR=0x35
                 	.EQU SPMCSR=0x37
                 	.EQU GICR=0x3B
                 	.EQU SPL=0x3D
                 	.EQU SPH=0x3E
                 	.EQU SREG=0x3F
                 
                 	.DEF R0X0=R0
                 	.DEF R0X1=R1
                 	.DEF R0X2=R2
                 	.DEF R0X3=R3
                 	.DEF R0X4=R4
                 	.DEF R0X5=R5
                 	.DEF R0X6=R6
                 	.DEF R0X7=R7
                 	.DEF R0X8=R8
                 	.DEF R0X9=R9
                 	.DEF R0XA=R10
                 	.DEF R0XB=R11
                 	.DEF R0XC=R12
                 	.DEF R0XD=R13
                 	.DEF R0XE=R14
                 	.DEF R0XF=R15
                 	.DEF R0X10=R16
                 	.DEF R0X11=R17
                 	.DEF R0X12=R18
                 	.DEF R0X13=R19
                 	.DEF R0X14=R20
                 	.DEF R0X15=R21
                 	.DEF R0X16=R22
                 	.DEF R0X17=R23
                 	.DEF R0X18=R24
                 	.DEF R0X19=R25
                 	.DEF R0X1A=R26
                 	.DEF R0X1B=R27
                 	.DEF R0X1C=R28
                 	.DEF R0X1D=R29
                 	.DEF R0X1E=R30
                 	.DEF R0X1F=R31
                 
                 	.EQU __SRAM_START=0x0060
                 	.EQU __SRAM_END=0x085F
                 	.EQU __DSTACK_SIZE=0x0200
                 	.EQU __HEAP_SIZE=0x0000
                 	.EQU __CLEAR_SRAM_SIZE=__SRAM_END-__SRAM_START+1
                 
                 	.EQU __FLASH_PAGE_SIZE=0x40
                 
                 	.MACRO __CPD1N
                 	CPI  R30,LOW(@0)
                 	LDI  R26,HIGH(@0)
                 	CPC  R31,R26
                 	LDI  R26,BYTE3(@0)
                 	CPC  R22,R26
                 	LDI  R26,BYTE4(@0)
                 	CPC  R23,R26
                 	.ENDM
                 
                 	.MACRO __CPD2N
                 	CPI  R26,LOW(@0)
                 	LDI  R30,HIGH(@0)
                 	CPC  R27,R30
                 	LDI  R30,BYTE3(@0)
                 	CPC  R24,R30
                 	LDI  R30,BYTE4(@0)
                 	CPC  R25,R30
                 	.ENDM
                 
                 	.MACRO __CPWRR
                 	CP   R@0,R@2
                 	CPC  R@1,R@3
                 	.ENDM
                 
                 	.MACRO __CPWRN
                 	CPI  R@0,LOW(@2)
                 	LDI  R30,HIGH(@2)
                 	CPC  R@1,R30
                 	.ENDM
                 
                 	.MACRO __ADDB1MN
                 	SUBI R30,LOW(-@0-(@1))
                 	.ENDM
                 
                 	.MACRO __ADDB2MN
                 	SUBI R26,LOW(-@0-(@1))
                 	.ENDM
                 
                 	.MACRO __ADDW1MN
                 	SUBI R30,LOW(-@0-(@1))
                 	SBCI R31,HIGH(-@0-(@1))
                 	.ENDM
                 
                 	.MACRO __ADDW2MN
                 	SUBI R26,LOW(-@0-(@1))
                 	SBCI R27,HIGH(-@0-(@1))
                 	.ENDM
                 
                 	.MACRO __ADDW1FN
                 	SUBI R30,LOW(-2*@0-(@1))
                 	SBCI R31,HIGH(-2*@0-(@1))
                 	.ENDM
                 
                 	.MACRO __ADDD1FN
                 	SUBI R30,LOW(-2*@0-(@1))
                 	SBCI R31,HIGH(-2*@0-(@1))
                 	SBCI R22,BYTE3(-2*@0-(@1))
                 	.ENDM
                 
                 	.MACRO __ADDD1N
                 	SUBI R30,LOW(-@0)
                 	SBCI R31,HIGH(-@0)
                 	SBCI R22,BYTE3(-@0)
                 	SBCI R23,BYTE4(-@0)
                 	.ENDM
                 
                 	.MACRO __ADDD2N
                 	SUBI R26,LOW(-@0)
                 	SBCI R27,HIGH(-@0)
                 	SBCI R24,BYTE3(-@0)
                 	SBCI R25,BYTE4(-@0)
                 	.ENDM
                 
                 	.MACRO __SUBD1N
                 	SUBI R30,LOW(@0)
                 	SBCI R31,HIGH(@0)
                 	SBCI R22,BYTE3(@0)
                 	SBCI R23,BYTE4(@0)
                 	.ENDM
                 
                 	.MACRO __SUBD2N
                 	SUBI R26,LOW(@0)
                 	SBCI R27,HIGH(@0)
                 	SBCI R24,BYTE3(@0)
                 	SBCI R25,BYTE4(@0)
                 	.ENDM
                 
                 	.MACRO __ANDBMNN
                 	LDS  R30,@0+(@1)
                 	ANDI R30,LOW(@2)
                 	STS  @0+(@1),R30
                 	.ENDM
                 
                 	.MACRO __ANDWMNN
                 	LDS  R30,@0+(@1)
                 	ANDI R30,LOW(@2)
                 	STS  @0+(@1),R30
                 	LDS  R30,@0+(@1)+1
                 	ANDI R30,HIGH(@2)
                 	STS  @0+(@1)+1,R30
                 	.ENDM
                 
                 	.MACRO __ANDD1N
                 	ANDI R30,LOW(@0)
                 	ANDI R31,HIGH(@0)
                 	ANDI R22,BYTE3(@0)
                 	ANDI R23,BYTE4(@0)
                 	.ENDM
                 
                 	.MACRO __ANDD2N
                 	ANDI R26,LOW(@0)
                 	ANDI R27,HIGH(@0)
                 	ANDI R24,BYTE3(@0)
                 	ANDI R25,BYTE4(@0)
                 	.ENDM
                 
                 	.MACRO __ORBMNN
                 	LDS  R30,@0+(@1)
                 	ORI  R30,LOW(@2)
                 	STS  @0+(@1),R30
                 	.ENDM
                 
                 	.MACRO __ORWMNN
                 	LDS  R30,@0+(@1)
                 	ORI  R30,LOW(@2)
                 	STS  @0+(@1),R30
                 	LDS  R30,@0+(@1)+1
                 	ORI  R30,HIGH(@2)
                 	STS  @0+(@1)+1,R30
                 	.ENDM
                 
                 	.MACRO __ORD1N
                 	ORI  R30,LOW(@0)
                 	ORI  R31,HIGH(@0)
                 	ORI  R22,BYTE3(@0)
                 	ORI  R23,BYTE4(@0)
                 	.ENDM
                 
                 	.MACRO __ORD2N
                 	ORI  R26,LOW(@0)
                 	ORI  R27,HIGH(@0)
                 	ORI  R24,BYTE3(@0)
                 	ORI  R25,BYTE4(@0)
                 	.ENDM
                 
                 	.MACRO __DELAY_USB
                 	LDI  R24,LOW(@0)
                 __DELAY_USB_LOOP:
                 	DEC  R24
                 	BRNE __DELAY_USB_LOOP
                 	.ENDM
                 
                 	.MACRO __DELAY_USW
                 	LDI  R24,LOW(@0)
                 	LDI  R25,HIGH(@0)
                 __DELAY_USW_LOOP:
                 	SBIW R24,1
                 	BRNE __DELAY_USW_LOOP
                 	.ENDM
                 
                 	.MACRO __GETW1P
                 	LD   R30,X+
                 	LD   R31,X
                 	SBIW R26,1
                 	.ENDM
                 
                 	.MACRO __GETD1S
                 	LDD  R30,Y+@0
                 	LDD  R31,Y+@0+1
                 	LDD  R22,Y+@0+2
                 	LDD  R23,Y+@0+3
                 	.ENDM
                 
                 	.MACRO __GETD2S
                 	LDD  R26,Y+@0
                 	LDD  R27,Y+@0+1
                 	LDD  R24,Y+@0+2
                 	LDD  R25,Y+@0+3
                 	.ENDM
                 
                 	.MACRO __GETD1P_INC
                 	LD   R30,X+
                 	LD   R31,X+
                 	LD   R22,X+
                 	LD   R23,X+
                 	.ENDM
                 
                 	.MACRO __GETD1P_DEC
                 	LD   R23,-X
                 	LD   R22,-X
                 	LD   R31,-X
                 	LD   R30,-X
                 	.ENDM
                 
                 	.MACRO __PUTDP1
                 	ST   X+,R30
                 	ST   X+,R31
                 	ST   X+,R22
                 	ST   X,R23
                 	.ENDM
                 
                 	.MACRO __PUTDP1_DEC
                 	ST   -X,R23
                 	ST   -X,R22
                 	ST   -X,R31
                 	ST   -X,R30
                 	.ENDM
                 
                 	.MACRO __PUTD1S
                 	STD  Y+@0,R30
                 	STD  Y+@0+1,R31
                 	STD  Y+@0+2,R22
                 	STD  Y+@0+3,R23
                 	.ENDM
                 
                 	.MACRO __PUTD2S
                 	STD  Y+@0,R26
                 	STD  Y+@0+1,R27
                 	STD  Y+@0+2,R24
                 	STD  Y+@0+3,R25
                 	.ENDM
                 
                 	.MACRO __PUTDZ2
                 	STD  Z+@0,R26
                 	STD  Z+@0+1,R27
                 	STD  Z+@0+2,R24
                 	STD  Z+@0+3,R25
                 	.ENDM
                 
                 	.MACRO __CLRD1S
                 	STD  Y+@0,R30
                 	STD  Y+@0+1,R30
                 	STD  Y+@0+2,R30
                 	STD  Y+@0+3,R30
                 	.ENDM
                 
                 	.MACRO __CPD10
                 	SBIW R30,0
                 	SBCI R22,0
                 	SBCI R23,0
                 	.ENDM
                 
                 	.MACRO __CPD20
                 	SBIW R26,0
                 	SBCI R24,0
                 	SBCI R25,0
                 	.ENDM
                 
                 	.MACRO __ADDD12
                 	ADD  R30,R26
                 	ADC  R31,R27
                 	ADC  R22,R24
                 	ADC  R23,R25
                 	.ENDM
                 
                 	.MACRO __ADDD21
                 	ADD  R26,R30
                 	ADC  R27,R31
                 	ADC  R24,R22
                 	ADC  R25,R23
                 	.ENDM
                 
                 	.MACRO __SUBD12
                 	SUB  R30,R26
                 	SBC  R31,R27
                 	SBC  R22,R24
                 	SBC  R23,R25
                 	.ENDM
                 
                 	.MACRO __SUBD21
                 	SUB  R26,R30
                 	SBC  R27,R31
                 	SBC  R24,R22
                 	SBC  R25,R23
                 	.ENDM
                 
                 	.MACRO __ANDD12
                 	AND  R30,R26
                 	AND  R31,R27
                 	AND  R22,R24
                 	AND  R23,R25
                 	.ENDM
                 
                 	.MACRO __ORD12
                 	OR   R30,R26
                 	OR   R31,R27
                 	OR   R22,R24
                 	OR   R23,R25
                 	.ENDM
                 
                 	.MACRO __XORD12
                 	EOR  R30,R26
                 	EOR  R31,R27
                 	EOR  R22,R24
                 	EOR  R23,R25
                 	.ENDM
                 
                 	.MACRO __XORD21
                 	EOR  R26,R30
                 	EOR  R27,R31
                 	EOR  R24,R22
                 	EOR  R25,R23
                 	.ENDM
                 
                 	.MACRO __COMD1
                 	COM  R30
                 	COM  R31
                 	COM  R22
                 	COM  R23
                 	.ENDM
                 
                 	.MACRO __MULD2_2
                 	LSL  R26
                 	ROL  R27
                 	ROL  R24
                 	ROL  R25
                 	.ENDM
                 
                 	.MACRO __LSRD1
                 	LSR  R23
                 	ROR  R22
                 	ROR  R31
                 	ROR  R30
                 	.ENDM
                 
                 	.MACRO __LSLD1
                 	LSL  R30
                 	ROL  R31
                 	ROL  R22
                 	ROL  R23
                 	.ENDM
                 
                 	.MACRO __ASRB4
                 	ASR  R30
                 	ASR  R30
                 	ASR  R30
                 	ASR  R30
                 	.ENDM
                 
                 	.MACRO __ASRW8
                 	MOV  R30,R31
                 	CLR  R31
                 	SBRC R30,7
                 	SER  R31
                 	.ENDM
                 
                 	.MACRO __LSRD16
                 	MOV  R30,R22
                 	MOV  R31,R23
                 	LDI  R22,0
                 	LDI  R23,0
                 	.ENDM
                 
                 	.MACRO __LSLD16
                 	MOV  R22,R30
                 	MOV  R23,R31
                 	LDI  R30,0
                 	LDI  R31,0
                 	.ENDM
                 
                 	.MACRO __CWD1
                 	MOV  R22,R31
                 	ADD  R22,R22
                 	SBC  R22,R22
                 	MOV  R23,R22
                 	.ENDM
                 
                 	.MACRO __CWD2
                 	MOV  R24,R27
                 	ADD  R24,R24
                 	SBC  R24,R24
                 	MOV  R25,R24
                 	.ENDM
                 
                 	.MACRO __SETMSD1
                 	SER  R31
                 	SER  R22
                 	SER  R23
                 	.ENDM
                 
                 	.MACRO __ADDW1R15
                 	CLR  R0
                 	ADD  R30,R15
                 	ADC  R31,R0
                 	.ENDM
                 
                 	.MACRO __ADDW2R15
                 	CLR  R0
                 	ADD  R26,R15
                 	ADC  R27,R0
                 	.ENDM
                 
                 	.MACRO __EQB12
                 	CP   R30,R26
                 	LDI  R30,1
                 	BREQ PC+2
                 	CLR  R30
                 	.ENDM
                 
                 	.MACRO __NEB12
                 	CP   R30,R26
                 	LDI  R30,1
                 	BRNE PC+2
                 	CLR  R30
                 	.ENDM
                 
                 	.MACRO __LEB12
                 	CP   R30,R26
                 	LDI  R30,1
                 	BRGE PC+2
                 	CLR  R30
                 	.ENDM
                 
                 	.MACRO __GEB12
                 	CP   R26,R30
                 	LDI  R30,1
                 	BRGE PC+2
                 	CLR  R30
                 	.ENDM
                 
                 	.MACRO __LTB12
                 	CP   R26,R30
                 	LDI  R30,1
                 	BRLT PC+2
                 	CLR  R30
                 	.ENDM
                 
                 	.MACRO __GTB12
                 	CP   R30,R26
                 	LDI  R30,1
                 	BRLT PC+2
                 	CLR  R30
                 	.ENDM
                 
                 	.MACRO __LEB12U
                 	CP   R30,R26
                 	LDI  R30,1
                 	BRSH PC+2
                 	CLR  R30
                 	.ENDM
                 
                 	.MACRO __GEB12U
                 	CP   R26,R30
                 	LDI  R30,1
                 	BRSH PC+2
                 	CLR  R30
                 	.ENDM
                 
                 	.MACRO __LTB12U
                 	CP   R26,R30
                 	LDI  R30,1
                 	BRLO PC+2
                 	CLR  R30
                 	.ENDM
                 
                 	.MACRO __GTB12U
                 	CP   R30,R26
                 	LDI  R30,1
                 	BRLO PC+2
                 	CLR  R30
                 	.ENDM
                 
                 	.MACRO __CPW01
                 	CLR  R0
                 	CP   R0,R30
                 	CPC  R0,R31
                 	.ENDM
                 
                 	.MACRO __CPW02
                 	CLR  R0
                 	CP   R0,R26
                 	CPC  R0,R27
                 	.ENDM
                 
                 	.MACRO __CPD12
                 	CP   R30,R26
                 	CPC  R31,R27
                 	CPC  R22,R24
                 	CPC  R23,R25
                 	.ENDM
                 
                 	.MACRO __CPD21
                 	CP   R26,R30
                 	CPC  R27,R31
                 	CPC  R24,R22
                 	CPC  R25,R23
                 	.ENDM
                 
                 	.MACRO __BSTB1
                 	CLT
                 	TST  R30
                 	BREQ PC+2
                 	SET
                 	.ENDM
                 
                 	.MACRO __LNEGB1
                 	TST  R30
                 	LDI  R30,1
                 	BREQ PC+2
                 	CLR  R30
                 	.ENDM
                 
                 	.MACRO __LNEGW1
                 	OR   R30,R31
                 	LDI  R30,1
                 	BREQ PC+2
                 	LDI  R30,0
                 	.ENDM
                 
                 	.MACRO __POINTB1MN
                 	LDI  R30,LOW(@0+(@1))
                 	.ENDM
                 
                 	.MACRO __POINTW1MN
                 	LDI  R30,LOW(@0+(@1))
                 	LDI  R31,HIGH(@0+(@1))
                 	.ENDM
                 
                 	.MACRO __POINTD1M
                 	LDI  R30,LOW(@0)
                 	LDI  R31,HIGH(@0)
                 	LDI  R22,BYTE3(@0)
                 	LDI  R23,BYTE4(@0)
                 	.ENDM
                 
                 	.MACRO __POINTW1FN
                 	LDI  R30,LOW(2*@0+(@1))
                 	LDI  R31,HIGH(2*@0+(@1))
                 	.ENDM
                 
                 	.MACRO __POINTD1FN
                 	LDI  R30,LOW(2*@0+(@1))
                 	LDI  R31,HIGH(2*@0+(@1))
                 	LDI  R22,BYTE3(2*@0+(@1))
                 	LDI  R23,BYTE4(2*@0+(@1))
                 	.ENDM
                 
                 	.MACRO __POINTB2MN
                 	LDI  R26,LOW(@0+(@1))
                 	.ENDM
                 
                 	.MACRO __POINTW2MN
                 	LDI  R26,LOW(@0+(@1))
                 	LDI  R27,HIGH(@0+(@1))
                 	.ENDM
                 
                 	.MACRO __POINTD2M
                 	LDI  R26,LOW(@0)
                 	LDI  R27,HIGH(@0)
                 	LDI  R24,BYTE3(@0)
                 	LDI  R25,BYTE4(@0)
                 	.ENDM
                 
                 	.MACRO __POINTW2FN
                 	LDI  R26,LOW(2*@0+(@1))
                 	LDI  R27,HIGH(2*@0+(@1))
                 	.ENDM
                 
                 	.MACRO __POINTD2FN
                 	LDI  R26,LOW(2*@0+(@1))
                 	LDI  R27,HIGH(2*@0+(@1))
                 	LDI  R24,BYTE3(2*@0+(@1))
                 	LDI  R25,BYTE4(2*@0+(@1))
                 	.ENDM
                 
                 	.MACRO __POINTBRM
                 	LDI  R@0,LOW(@1)
                 	.ENDM
                 
                 	.MACRO __POINTWRM
                 	LDI  R@0,LOW(@2)
                 	LDI  R@1,HIGH(@2)
                 	.ENDM
                 
                 	.MACRO __POINTBRMN
                 	LDI  R@0,LOW(@1+(@2))
                 	.ENDM
                 
                 	.MACRO __POINTWRMN
                 	LDI  R@0,LOW(@2+(@3))
                 	LDI  R@1,HIGH(@2+(@3))
                 	.ENDM
                 
                 	.MACRO __POINTWRFN
                 	LDI  R@0,LOW(@2*2+(@3))
                 	LDI  R@1,HIGH(@2*2+(@3))
                 	.ENDM
                 
                 	.MACRO __GETD1N
                 	LDI  R30,LOW(@0)
                 	LDI  R31,HIGH(@0)
                 	LDI  R22,BYTE3(@0)
                 	LDI  R23,BYTE4(@0)
                 	.ENDM
                 
                 	.MACRO __GETD2N
                 	LDI  R26,LOW(@0)
                 	LDI  R27,HIGH(@0)
                 	LDI  R24,BYTE3(@0)
                 	LDI  R25,BYTE4(@0)
                 	.ENDM
                 
                 	.MACRO __GETB1MN
                 	LDS  R30,@0+(@1)
                 	.ENDM
                 
                 	.MACRO __GETB1HMN
                 	LDS  R31,@0+(@1)
                 	.ENDM
                 
                 	.MACRO __GETW1MN
                 	LDS  R30,@0+(@1)
                 	LDS  R31,@0+(@1)+1
                 	.ENDM
                 
                 	.MACRO __GETD1MN
                 	LDS  R30,@0+(@1)
                 	LDS  R31,@0+(@1)+1
                 	LDS  R22,@0+(@1)+2
                 	LDS  R23,@0+(@1)+3
                 	.ENDM
                 
                 	.MACRO __GETBRMN
                 	LDS  R@0,@1+(@2)
                 	.ENDM
                 
                 	.MACRO __GETWRMN
                 	LDS  R@0,@2+(@3)
                 	LDS  R@1,@2+(@3)+1
                 	.ENDM
                 
                 	.MACRO __GETWRZ
                 	LDD  R@0,Z+@2
                 	LDD  R@1,Z+@2+1
                 	.ENDM
                 
                 	.MACRO __GETD2Z
                 	LDD  R26,Z+@0
                 	LDD  R27,Z+@0+1
                 	LDD  R24,Z+@0+2
                 	LDD  R25,Z+@0+3
                 	.ENDM
                 
                 	.MACRO __GETB2MN
                 	LDS  R26,@0+(@1)
                 	.ENDM
                 
                 	.MACRO __GETW2MN
                 	LDS  R26,@0+(@1)
                 	LDS  R27,@0+(@1)+1
                 	.ENDM
                 
                 	.MACRO __GETD2MN
                 	LDS  R26,@0+(@1)
                 	LDS  R27,@0+(@1)+1
                 	LDS  R24,@0+(@1)+2
                 	LDS  R25,@0+(@1)+3
                 	.ENDM
                 
                 	.MACRO __PUTB1MN
                 	STS  @0+(@1),R30
                 	.ENDM
                 
                 	.MACRO __PUTW1MN
                 	STS  @0+(@1),R30
                 	STS  @0+(@1)+1,R31
                 	.ENDM
                 
                 	.MACRO __PUTD1MN
                 	STS  @0+(@1),R30
                 	STS  @0+(@1)+1,R31
                 	STS  @0+(@1)+2,R22
                 	STS  @0+(@1)+3,R23
                 	.ENDM
                 
                 	.MACRO __PUTB1EN
                 	LDI  R26,LOW(@0+(@1))
                 	LDI  R27,HIGH(@0+(@1))
                 	CALL __EEPROMWRB
                 	.ENDM
                 
                 	.MACRO __PUTW1EN
                 	LDI  R26,LOW(@0+(@1))
                 	LDI  R27,HIGH(@0+(@1))
                 	CALL __EEPROMWRW
                 	.ENDM
                 
                 	.MACRO __PUTD1EN
                 	LDI  R26,LOW(@0+(@1))
                 	LDI  R27,HIGH(@0+(@1))
                 	CALL __EEPROMWRD
                 	.ENDM
                 
                 	.MACRO __PUTBR0MN
                 	STS  @0+(@1),R0
                 	.ENDM
                 
                 	.MACRO __PUTBMRN
                 	STS  @0+(@1),R@2
                 	.ENDM
                 
                 	.MACRO __PUTWMRN
                 	STS  @0+(@1),R@2
                 	STS  @0+(@1)+1,R@3
                 	.ENDM
                 
                 	.MACRO __PUTBZR
                 	STD  Z+@1,R@0
                 	.ENDM
                 
                 	.MACRO __PUTWZR
                 	STD  Z+@2,R@0
                 	STD  Z+@2+1,R@1
                 	.ENDM
                 
                 	.MACRO __GETW1R
                 	MOV  R30,R@0
                 	MOV  R31,R@1
                 	.ENDM
                 
                 	.MACRO __GETW2R
                 	MOV  R26,R@0
                 	MOV  R27,R@1
                 	.ENDM
                 
                 	.MACRO __GETWRN
                 	LDI  R@0,LOW(@2)
                 	LDI  R@1,HIGH(@2)
                 	.ENDM
                 
                 	.MACRO __PUTW1R
                 	MOV  R@0,R30
                 	MOV  R@1,R31
                 	.ENDM
                 
                 	.MACRO __PUTW2R
                 	MOV  R@0,R26
                 	MOV  R@1,R27
                 	.ENDM
                 
                 	.MACRO __ADDWRN
                 	SUBI R@0,LOW(-@2)
                 	SBCI R@1,HIGH(-@2)
                 	.ENDM
                 
                 	.MACRO __ADDWRR
                 	ADD  R@0,R@2
                 	ADC  R@1,R@3
                 	.ENDM
                 
                 	.MACRO __SUBWRN
                 	SUBI R@0,LOW(@2)
                 	SBCI R@1,HIGH(@2)
                 	.ENDM
                 
                 	.MACRO __SUBWRR
                 	SUB  R@0,R@2
                 	SBC  R@1,R@3
                 	.ENDM
                 
                 	.MACRO __ANDWRN
                 	ANDI R@0,LOW(@2)
                 	ANDI R@1,HIGH(@2)
                 	.ENDM
                 
                 	.MACRO __ANDWRR
                 	AND  R@0,R@2
                 	AND  R@1,R@3
                 	.ENDM
                 
                 	.MACRO __ORWRN
                 	ORI  R@0,LOW(@2)
                 	ORI  R@1,HIGH(@2)
                 	.ENDM
                 
                 	.MACRO __ORWRR
                 	OR   R@0,R@2
                 	OR   R@1,R@3
                 	.ENDM
                 
                 	.MACRO __EORWRR
                 	EOR  R@0,R@2
                 	EOR  R@1,R@3
                 	.ENDM
                 
                 	.MACRO __GETWRS
                 	LDD  R@0,Y+@2
                 	LDD  R@1,Y+@2+1
                 	.ENDM
                 
                 	.MACRO __PUTBSR
                 	STD  Y+@1,R@0
                 	.ENDM
                 
                 	.MACRO __PUTWSR
                 	STD  Y+@2,R@0
                 	STD  Y+@2+1,R@1
                 	.ENDM
                 
                 	.MACRO __MOVEWRR
                 	MOV  R@0,R@2
                 	MOV  R@1,R@3
                 	.ENDM
                 
                 	.MACRO __INWR
                 	IN   R@0,@2
                 	IN   R@1,@2+1
                 	.ENDM
                 
                 	.MACRO __OUTWR
                 	OUT  @2+1,R@1
                 	OUT  @2,R@0
                 	.ENDM
                 
                 	.MACRO __CALL1MN
                 	LDS  R30,@0+(@1)
                 	LDS  R31,@0+(@1)+1
                 	ICALL
                 	.ENDM
                 
                 	.MACRO __CALL1FN
                 	LDI  R30,LOW(2*@0+(@1))
                 	LDI  R31,HIGH(2*@0+(@1))
                 	CALL __GETW1PF
                 	ICALL
                 	.ENDM
                 
                 	.MACRO __CALL2EN
                 	PUSH R26
                 	PUSH R27
                 	LDI  R26,LOW(@0+(@1))
                 	LDI  R27,HIGH(@0+(@1))
                 	CALL __EEPROMRDW
                 	POP  R27
                 	POP  R26
                 	ICALL
                 	.ENDM
                 
                 	.MACRO __CALL2EX
                 	SUBI R26,LOW(-@0)
                 	SBCI R27,HIGH(-@0)
                 	CALL __EEPROMRDD
                 	ICALL
                 	.ENDM
                 
                 	.MACRO __GETW1STACK
                 	IN   R30,SPL
                 	IN   R31,SPH
                 	ADIW R30,@0+1
                 	LD   R0,Z+
                 	LD   R31,Z
                 	MOV  R30,R0
                 	.ENDM
                 
                 	.MACRO __GETD1STACK
                 	IN   R30,SPL
                 	IN   R31,SPH
                 	ADIW R30,@0+1
                 	LD   R0,Z+
                 	LD   R1,Z+
                 	LD   R22,Z
                 	MOVW R30,R0
                 	.ENDM
                 
                 	.MACRO __NBST
                 	BST  R@0,@1
                 	IN   R30,SREG
                 	LDI  R31,0x40
                 	EOR  R30,R31
                 	OUT  SREG,R30
                 	.ENDM
                 
                 
                 	.MACRO __PUTB1SN
                 	LDD  R26,Y+@0
                 	LDD  R27,Y+@0+1
                 	SUBI R26,LOW(-@1)
                 	SBCI R27,HIGH(-@1)
                 	ST   X,R30
                 	.ENDM
                 
                 	.MACRO __PUTW1SN
                 	LDD  R26,Y+@0
                 	LDD  R27,Y+@0+1
                 	SUBI R26,LOW(-@1)
                 	SBCI R27,HIGH(-@1)
                 	ST   X+,R30
                 	ST   X,R31
                 	.ENDM
                 
                 	.MACRO __PUTD1SN
                 	LDD  R26,Y+@0
                 	LDD  R27,Y+@0+1
                 	SUBI R26,LOW(-@1)
                 	SBCI R27,HIGH(-@1)
                 	ST   X+,R30
                 	ST   X+,R31
                 	ST   X+,R22
                 	ST   X,R23
                 	.ENDM
                 
                 	.MACRO __PUTB1SNS
                 	LDD  R26,Y+@0
                 	LDD  R27,Y+@0+1
                 	ADIW R26,@1
                 	ST   X,R30
                 	.ENDM
                 
                 	.MACRO __PUTW1SNS
                 	LDD  R26,Y+@0
                 	LDD  R27,Y+@0+1
                 	ADIW R26,@1
                 	ST   X+,R30
                 	ST   X,R31
                 	.ENDM
                 
                 	.MACRO __PUTD1SNS
                 	LDD  R26,Y+@0
                 	LDD  R27,Y+@0+1
                 	ADIW R26,@1
                 	ST   X+,R30
                 	ST   X+,R31
                 	ST   X+,R22
                 	ST   X,R23
                 	.ENDM
                 
                 	.MACRO __PUTB1PMN
                 	LDS  R26,@0
                 	LDS  R27,@0+1
                 	SUBI R26,LOW(-@1)
                 	SBCI R27,HIGH(-@1)
                 	ST   X,R30
                 	.ENDM
                 
                 	.MACRO __PUTW1PMN
                 	LDS  R26,@0
                 	LDS  R27,@0+1
                 	SUBI R26,LOW(-@1)
                 	SBCI R27,HIGH(-@1)
                 	ST   X+,R30
                 	ST   X,R31
                 	.ENDM
                 
                 	.MACRO __PUTD1PMN
                 	LDS  R26,@0
                 	LDS  R27,@0+1
                 	SUBI R26,LOW(-@1)
                 	SBCI R27,HIGH(-@1)
                 	ST   X+,R30
                 	ST   X+,R31
                 	ST   X+,R22
                 	ST   X,R23
                 	.ENDM
                 
                 	.MACRO __PUTB1PMNS
                 	LDS  R26,@0
                 	LDS  R27,@0+1
                 	ADIW R26,@1
                 	ST   X,R30
                 	.ENDM
                 
                 	.MACRO __PUTW1PMNS
                 	LDS  R26,@0
                 	LDS  R27,@0+1
                 	ADIW R26,@1
                 	ST   X+,R30
                 	ST   X,R31
                 	.ENDM
                 
                 	.MACRO __PUTD1PMNS
                 	LDS  R26,@0
                 	LDS  R27,@0+1
                 	ADIW R26,@1
                 	ST   X+,R30
                 	ST   X+,R31
                 	ST   X+,R22
                 	ST   X,R23
                 	.ENDM
                 
                 	.MACRO __PUTB1RN
                 	MOVW R26,R@0
                 	SUBI R26,LOW(-@1)
                 	SBCI R27,HIGH(-@1)
                 	ST   X,R30
                 	.ENDM
                 
                 	.MACRO __PUTW1RN
                 	MOVW R26,R@0
                 	SUBI R26,LOW(-@1)
                 	SBCI R27,HIGH(-@1)
                 	ST   X+,R30
                 	ST   X,R31
                 	.ENDM
                 
                 	.MACRO __PUTD1RN
                 	MOVW R26,R@0
                 	SUBI R26,LOW(-@1)
                 	SBCI R27,HIGH(-@1)
                 	ST   X+,R30
                 	ST   X+,R31
                 	ST   X+,R22
                 	ST   X,R23
                 	.ENDM
                 
                 	.MACRO __PUTB1RNS
                 	MOVW R26,R@0
                 	ADIW R26,@1
                 	ST   X,R30
                 	.ENDM
                 
                 	.MACRO __PUTW1RNS
                 	MOVW R26,R@0
                 	ADIW R26,@1
                 	ST   X+,R30
                 	ST   X,R31
                 	.ENDM
                 
                 	.MACRO __PUTD1RNS
                 	MOVW R26,R@0
                 	ADIW R26,@1
                 	ST   X+,R30
                 	ST   X+,R31
                 	ST   X+,R22
                 	ST   X,R23
                 	.ENDM
                 
                 	.MACRO __PUTB1RON
                 	MOV  R26,R@0
                 	MOV  R27,R@1
                 	SUBI R26,LOW(-@2)
                 	SBCI R27,HIGH(-@2)
                 	ST   X,R30
                 	.ENDM
                 
                 	.MACRO __PUTW1RON
                 	MOV  R26,R@0
                 	MOV  R27,R@1
                 	SUBI R26,LOW(-@2)
                 	SBCI R27,HIGH(-@2)
                 	ST   X+,R30
                 	ST   X,R31
                 	.ENDM
                 
                 	.MACRO __PUTD1RON
                 	MOV  R26,R@0
                 	MOV  R27,R@1
                 	SUBI R26,LOW(-@2)
                 	SBCI R27,HIGH(-@2)
                 	ST   X+,R30
                 	ST   X+,R31
                 	ST   X+,R22
                 	ST   X,R23
                 	.ENDM
                 
                 	.MACRO __PUTB1RONS
                 	MOV  R26,R@0
                 	MOV  R27,R@1
                 	ADIW R26,@2
                 	ST   X,R30
                 	.ENDM
                 
                 	.MACRO __PUTW1RONS
                 	MOV  R26,R@0
                 	MOV  R27,R@1
                 	ADIW R26,@2
                 	ST   X+,R30
                 	ST   X,R31
                 	.ENDM
                 
                 	.MACRO __PUTD1RONS
                 	MOV  R26,R@0
                 	MOV  R27,R@1
                 	ADIW R26,@2
                 	ST   X+,R30
                 	ST   X+,R31
                 	ST   X+,R22
                 	ST   X,R23
                 	.ENDM
                 
                 
                 	.MACRO __GETB1SX
                 	MOVW R30,R28
                 	SUBI R30,LOW(-@0)
                 	SBCI R31,HIGH(-@0)
                 	LD   R30,Z
                 	.ENDM
                 
                 	.MACRO __GETB1HSX
                 	MOVW R30,R28
                 	SUBI R30,LOW(-@0)
                 	SBCI R31,HIGH(-@0)
                 	LD   R31,Z
                 	.ENDM
                 
                 	.MACRO __GETW1SX
                 	MOVW R30,R28
                 	SUBI R30,LOW(-@0)
                 	SBCI R31,HIGH(-@0)
                 	CALL __GETW1Z
                 	.ENDM
                 
                 	.MACRO __GETD1SX
                 	MOVW R30,R28
                 	SUBI R30,LOW(-@0)
                 	SBCI R31,HIGH(-@0)
                 	CALL __GETD1Z
                 	.ENDM
                 
                 	.MACRO __GETB2SX
                 	MOVW R26,R28
                 	SUBI R26,LOW(-@0)
                 	SBCI R27,HIGH(-@0)
                 	LD   R26,X
                 	.ENDM
                 
                 	.MACRO __GETW2SX
                 	MOVW R26,R28
                 	SUBI R26,LOW(-@0)
                 	SBCI R27,HIGH(-@0)
                 	CALL __GETW2X
                 	.ENDM
                 
                 	.MACRO __GETD2SX
                 	MOVW R26,R28
                 	SUBI R26,LOW(-@0)
                 	SBCI R27,HIGH(-@0)
                 	CALL __GETD2X
                 	.ENDM
                 
                 	.MACRO __GETBRSX
                 	MOVW R30,R28
                 	SUBI R30,LOW(-@1)
                 	SBCI R31,HIGH(-@1)
                 	LD   R@0,Z
                 	.ENDM
                 
                 	.MACRO __GETWRSX
                 	MOVW R30,R28
                 	SUBI R30,LOW(-@2)
                 	SBCI R31,HIGH(-@2)
                 	LD   R@0,Z+
                 	LD   R@1,Z
                 	.ENDM
                 
                 	.MACRO __GETBRSX2
                 	MOVW R26,R28
                 	SUBI R26,LOW(-@1)
                 	SBCI R27,HIGH(-@1)
                 	LD   R@0,X
                 	.ENDM
                 
                 	.MACRO __GETWRSX2
                 	MOVW R26,R28
                 	SUBI R26,LOW(-@2)
                 	SBCI R27,HIGH(-@2)
                 	LD   R@0,X+
                 	LD   R@1,X
                 	.ENDM
                 
                 	.MACRO __LSLW8SX
                 	MOVW R30,R28
                 	SUBI R30,LOW(-@0)
                 	SBCI R31,HIGH(-@0)
                 	LD   R31,Z
                 	CLR  R30
                 	.ENDM
                 
                 	.MACRO __PUTB1SX
                 	MOVW R26,R28
                 	SUBI R26,LOW(-@0)
                 	SBCI R27,HIGH(-@0)
                 	ST   X,R30
                 	.ENDM
                 
                 	.MACRO __PUTW1SX
                 	MOVW R26,R28
                 	SUBI R26,LOW(-@0)
                 	SBCI R27,HIGH(-@0)
                 	ST   X+,R30
                 	ST   X,R31
                 	.ENDM
                 
                 	.MACRO __PUTD1SX
                 	MOVW R26,R28
                 	SUBI R26,LOW(-@0)
                 	SBCI R27,HIGH(-@0)
                 	ST   X+,R30
                 	ST   X+,R31
                 	ST   X+,R22
                 	ST   X,R23
                 	.ENDM
                 
                 	.MACRO __CLRW1SX
                 	MOVW R26,R28
                 	SUBI R26,LOW(-@0)
                 	SBCI R27,HIGH(-@0)
                 	ST   X+,R30
                 	ST   X,R30
                 	.ENDM
                 
                 	.MACRO __CLRD1SX
                 	MOVW R26,R28
                 	SUBI R26,LOW(-@0)
                 	SBCI R27,HIGH(-@0)
                 	ST   X+,R30
                 	ST   X+,R30
                 	ST   X+,R30
                 	ST   X,R30
                 	.ENDM
                 
                 	.MACRO __PUTB2SX
                 	MOVW R30,R28
                 	SUBI R30,LOW(-@0)
                 	SBCI R31,HIGH(-@0)
                 	ST   Z,R26
                 	.ENDM
                 
                 	.MACRO __PUTW2SX
                 	MOVW R30,R28
                 	SUBI R30,LOW(-@0)
                 	SBCI R31,HIGH(-@0)
                 	ST   Z+,R26
                 	ST   Z,R27
                 	.ENDM
                 
                 	.MACRO __PUTD2SX
                 	MOVW R30,R28
                 	SUBI R30,LOW(-@0)
                 	SBCI R31,HIGH(-@0)
                 	ST   Z+,R26
                 	ST   Z+,R27
                 	ST   Z+,R24
                 	ST   Z,R25
                 	.ENDM
                 
                 	.MACRO __PUTBSRX
                 	MOVW R30,R28
                 	SUBI R30,LOW(-@1)
                 	SBCI R31,HIGH(-@1)
                 	ST   Z,R@0
                 	.ENDM
                 
                 	.MACRO __PUTWSRX
                 	MOVW R30,R28
                 	SUBI R30,LOW(-@2)
                 	SBCI R31,HIGH(-@2)
                 	ST   Z+,R@0
                 	ST   Z,R@1
                 	.ENDM
                 
                 	.MACRO __PUTB1SNX
                 	MOVW R26,R28
                 	SUBI R26,LOW(-@0)
                 	SBCI R27,HIGH(-@0)
                 	LD   R0,X+
                 	LD   R27,X
                 	MOV  R26,R0
                 	SUBI R26,LOW(-@1)
                 	SBCI R27,HIGH(-@1)
                 	ST   X,R30
                 	.ENDM
                 
                 	.MACRO __PUTW1SNX
                 	MOVW R26,R28
                 	SUBI R26,LOW(-@0)
                 	SBCI R27,HIGH(-@0)
                 	LD   R0,X+
                 	LD   R27,X
                 	MOV  R26,R0
                 	SUBI R26,LOW(-@1)
                 	SBCI R27,HIGH(-@1)
                 	ST   X+,R30
                 	ST   X,R31
                 	.ENDM
                 
                 	.MACRO __PUTD1SNX
                 	MOVW R26,R28
                 	SUBI R26,LOW(-@0)
                 	SBCI R27,HIGH(-@0)
                 	LD   R0,X+
                 	LD   R27,X
                 	MOV  R26,R0
                 	SUBI R26,LOW(-@1)
                 	SBCI R27,HIGH(-@1)
                 	ST   X+,R30
                 	ST   X+,R31
                 	ST   X+,R22
                 	ST   X,R23
                 	.ENDM
                 
                 	.MACRO __MULBRR
                 	MULS R@0,R@1
                 	MOVW R30,R0
                 	.ENDM
                 
                 	.MACRO __MULBRRU
                 	MUL  R@0,R@1
                 	MOVW R30,R0
                 	.ENDM
                 
                 	.MACRO __MULBRR0
                 	MULS R@0,R@1
                 	.ENDM
                 
                 	.MACRO __MULBRRU0
                 	MUL  R@0,R@1
                 	.ENDM
                 
                 	.MACRO __MULBNWRU
                 	LDI  R26,@2
                 	MUL  R26,R@0
                 	MOVW R30,R0
                 	MUL  R26,R@1
                 	ADD  R31,R0
                 	.ENDM
                 
                 ;NAME DEFINITIONS FOR GLOBAL VARIABLES ALLOCATED TO REGISTERS
                 	.DEF _min=R4
                 	.DEF _min_msb=R5
                 	.DEF _sec=R6
                 	.DEF _sec_msb=R7
                 	.DEF _on=R9
                 	.DEF _prev1=R8
                 	.DEF _run=R11
                 	.DEF _prev2=R10
                 	.DEF _toggle=R13
                 	.DEF __lcd_x=R12
                 
                 	.CSEG
                 	.ORG 0x00
                 
                 ;START OF CODE MARKER
                 __START_OF_CODE:
                 
                 ;INTERRUPT VECTORS
000000 940c 0079 	JMP  __RESET
000002 940c 0000 	JMP  0x00
000004 940c 0000 	JMP  0x00
000006 940c 0000 	JMP  0x00
000008 940c 0000 	JMP  0x00
00000a 940c 0000 	JMP  0x00
00000c 940c 0000 	JMP  0x00
00000e 940c 0000 	JMP  0x00
000010 940c 0000 	JMP  0x00
000012 940c 0000 	JMP  0x00
000014 940c 0000 	JMP  0x00
000016 940c 0000 	JMP  0x00
000018 940c 0000 	JMP  0x00
00001a 940c 0000 	JMP  0x00
00001c 940c 0000 	JMP  0x00
00001e 940c 0000 	JMP  0x00
000020 940c 0000 	JMP  0x00
000022 940c 0000 	JMP  0x00
000024 940c 0000 	JMP  0x00
000026 940c 0000 	JMP  0x00
000028 940c 0000 	JMP  0x00
                 
                 _tbl10_G101:
00002a 2710
00002b 03e8
00002c 0064
00002d 000a      	.DB  0x10,0x27,0xE8,0x3,0x64,0x0,0xA,0x0
00002e 0001      	.DB  0x1,0x0
                 _tbl16_G101:
00002f 1000
000030 0100
000031 0010
000032 0001      	.DB  0x0,0x10,0x0,0x1,0x10,0x0,0x1,0x0
                 
                 ;GLOBAL REGISTER VARIABLES INITIALIZATION
                 __REG_VARS:
000033 003b
000034 003b      	.DB  0x3B,0x0,0x3B,0x0
000035 0101
000036 0000      	.DB  0x1,0x1,0x0,0x0
000037 0100      	.DB  0x0,0x1
                 
                 _0x3:
000038 0100
000039 0302
00003a 0504
00003b 0706      	.DB  0x0,0x1,0x2,0x3,0x4,0x5,0x6,0x7
00003c 0908
00003d 1110
00003e 1312
00003f 1514      	.DB  0x8,0x9,0x10,0x11,0x12,0x13,0x14,0x15
000040 1716
000041 1918
000042 2120
000043 2322      	.DB  0x16,0x17,0x18,0x19,0x20,0x21,0x22,0x23
000044 2524
000045 2726
000046 2928
000047 3130      	.DB  0x24,0x25,0x26,0x27,0x28,0x29,0x30,0x31
000048 3332
000049 3534
00004a 3736
00004b 3938      	.DB  0x32,0x33,0x34,0x35,0x36,0x37,0x38,0x39
00004c 4140
00004d 4342
00004e 4544
00004f 4746      	.DB  0x40,0x41,0x42,0x43,0x44,0x45,0x46,0x47
000050 4948
000051 5150
000052 5352
000053 5554      	.DB  0x48,0x49,0x50,0x51,0x52,0x53,0x54,0x55
000054 5756
000055 5958
000056 6160
000057 6362      	.DB  0x56,0x57,0x58,0x59,0x60,0x61,0x62,0x63
000058 6564
000059 6766
00005a 6968
00005b 7170      	.DB  0x64,0x65,0x66,0x67,0x68,0x69,0x70,0x71
00005c 7372
00005d 7574
00005e 7776
00005f 7978      	.DB  0x72,0x73,0x74,0x75,0x76,0x77,0x78,0x79
000060 8180
000061 8382
000062 8584
000063 8786      	.DB  0x80,0x81,0x82,0x83,0x84,0x85,0x86,0x87
000064 8988
000065 9190
000066 9392
000067 9594      	.DB  0x88,0x89,0x90,0x91,0x92,0x93,0x94,0x95
000068 9796
000069 9998      	.DB  0x96,0x97,0x98,0x99
                 _0x0:
00006a 6e6f
00006b 6f00
00006c 6666
C:\Users\Lenovo\Documents\KULIAH\E-LEARNING\SEMESTER 3\PRAKTEK MA\UAS\UAS-MA\AVR\Debug\List\uas-ma.asm(1484): warning: .cseg .db misalignment - padding zero byte
00006d 0000      	.DB  0x6F,0x6E,0x0,0x6F,0x66,0x66,0x0
                 _0x2000003:
00006e c080      	.DB  0x80,0xC0
                 
                 __GLOBAL_INI_TBL:
00006f 000a      	.DW  0x0A
000070 0004      	.DW  0x04
000071 0066      	.DW  __REG_VARS*2
                 
000072 0064      	.DW  0x64
000073 0260      	.DW  _angka
000074 0070      	.DW  _0x3*2
                 
000075 0002      	.DW  0x02
000076 02c4      	.DW  __base_y_G100
000077 00dc      	.DW  _0x2000003*2
                 
                 _0xFFFFFFFF:
000078 0000      	.DW  0
                 
                 #define __GLOBAL_INI_TBL_PRESENT 1
                 
                 __RESET:
000079 94f8      	CLI
00007a 27ee      	CLR  R30
00007b bbec      	OUT  EECR,R30
                 
                 ;INTERRUPT VECTORS ARE PLACED
                 ;AT THE START OF FLASH
00007c e0f1      	LDI  R31,1
00007d bffb      	OUT  GICR,R31
00007e bfeb      	OUT  GICR,R30
00007f bfe5      	OUT  MCUCR,R30
                 
                 ;CLEAR R2-R14
000080 e08d      	LDI  R24,(14-2)+1
000081 e0a2      	LDI  R26,2
000082 27bb      	CLR  R27
                 __CLEAR_REG:
000083 93ed      	ST   X+,R30
000084 958a      	DEC  R24
000085 f7e9      	BRNE __CLEAR_REG
                 
                 ;CLEAR SRAM
000086 e080      	LDI  R24,LOW(__CLEAR_SRAM_SIZE)
000087 e098      	LDI  R25,HIGH(__CLEAR_SRAM_SIZE)
000088 e6a0      	LDI  R26,__SRAM_START
                 __CLEAR_SRAM:
000089 93ed      	ST   X+,R30
00008a 9701      	SBIW R24,1
00008b f7e9      	BRNE __CLEAR_SRAM
                 
                 ;GLOBAL VARIABLES INITIALIZATION
00008c edee      	LDI  R30,LOW(__GLOBAL_INI_TBL*2)
00008d e0f0      	LDI  R31,HIGH(__GLOBAL_INI_TBL*2)
                 __GLOBAL_INI_NEXT:
00008e 9185      	LPM  R24,Z+
00008f 9195      	LPM  R25,Z+
000090 9700      	SBIW R24,0
000091 f061      	BREQ __GLOBAL_INI_END
000092 91a5      	LPM  R26,Z+
000093 91b5      	LPM  R27,Z+
000094 9005      	LPM  R0,Z+
000095 9015      	LPM  R1,Z+
000096 01bf      	MOVW R22,R30
000097 01f0      	MOVW R30,R0
                 __GLOBAL_INI_LOOP:
000098 9005      	LPM  R0,Z+
000099 920d      	ST   X+,R0
00009a 9701      	SBIW R24,1
00009b f7e1      	BRNE __GLOBAL_INI_LOOP
00009c 01fb      	MOVW R30,R22
00009d cff0      	RJMP __GLOBAL_INI_NEXT
                 __GLOBAL_INI_END:
                 
                 ;HARDWARE STACK POINTER INITIALIZATION
00009e e5ef      	LDI  R30,LOW(__SRAM_END-__HEAP_SIZE)
00009f bfed      	OUT  SPL,R30
0000a0 e0e8      	LDI  R30,HIGH(__SRAM_END-__HEAP_SIZE)
0000a1 bfee      	OUT  SPH,R30
                 
                 ;DATA STACK POINTER INITIALIZATION
0000a2 e6c0      	LDI  R28,LOW(__SRAM_START+__DSTACK_SIZE)
0000a3 e0d2      	LDI  R29,HIGH(__SRAM_START+__DSTACK_SIZE)
                 
0000a4 940c 00b3 	JMP  _main
                 
                 	.ESEG
                 	.ORG 0x00
                 
                 	.DSEG
                 	.ORG 0x260
                 
                 	.CSEG
                 	#ifndef __SLEEP_DEFINED__
                 	#define __SLEEP_DEFINED__
                 	.EQU __se_bit=0x80
                 	.EQU __sm_mask=0x70
                 	.EQU __sm_powerdown=0x20
                 	.EQU __sm_powersave=0x30
                 	.EQU __sm_standby=0x60
                 	.EQU __sm_ext_standby=0x70
                 	.EQU __sm_adc_noise_red=0x10
                 	.SET power_ctrl_reg=mcucr
                 	#endif
                 
                 	.DSEG
                 ;void tampildata(){
                 ; 0000 001F void tampildata(){
                 
                 	.CSEG
                 _tampildata:
                 ; .FSTART _tampildata
                 ; 0000 0020 PORTB = angka[min];
0000a6 e6a0      	LDI  R26,LOW(_angka)
0000a7 e0b2      	LDI  R27,HIGH(_angka)
0000a8 0da4      	ADD  R26,R4
0000a9 1db5      	ADC  R27,R5
0000aa 91ec      	LD   R30,X
0000ab bbe8      	OUT  0x18,R30
                 ; 0000 0021 PORTD = angka[sec];
0000ac e6a0      	LDI  R26,LOW(_angka)
0000ad e0b2      	LDI  R27,HIGH(_angka)
0000ae 0da6      	ADD  R26,R6
0000af 1db7      	ADC  R27,R7
0000b0 91ec      	LD   R30,X
0000b1 bbe2      	OUT  0x12,R30
                 ; 0000 0022 }
0000b2 9508      	RET
                 ; .FEND
                 ;void main(void)
                 ; 0000 0025 {
                 _main:
                 ; .FSTART _main
                 ; 0000 0026 // Declare your local variables here
                 ; 0000 0027 
                 ; 0000 0028 // Input/Output Ports initialization
                 ; 0000 0029 // Port A initialization
                 ; 0000 002A // Function: Bit7=In Bit6=In Bit5=In Bit4=In Bit3=In Bit2=In Bit1=In Bit0=In
                 ; 0000 002B DDRA=(0<<DDA7) | (0<<DDA6) | (0<<DDA5) | (0<<DDA4) | (0<<DDA3) | (0<<DDA2) | (0<<DDA1) | (0<<DDA0);
0000b3 e0e0      	LDI  R30,LOW(0)
0000b4 bbea      	OUT  0x1A,R30
                 ; 0000 002C // State: Bit7=T Bit6=T Bit5=T Bit4=T Bit3=T Bit2=T Bit1=T Bit0=T
                 ; 0000 002D PORTA=0xFF;
0000b5 efef      	LDI  R30,LOW(255)
0000b6 bbeb      	OUT  0x1B,R30
                 ; 0000 002E 
                 ; 0000 002F // Port B initialization
                 ; 0000 0030 // Function: Bit7=In Bit6=In Bit5=In Bit4=In Bit3=In Bit2=In Bit1=In Bit0=In
                 ; 0000 0031 DDRB=0xFF;
0000b7 bbe7      	OUT  0x17,R30
                 ; 0000 0032 // State: Bit7=T Bit6=T Bit5=T Bit4=T Bit3=T Bit2=T Bit1=T Bit0=T
                 ; 0000 0033 PORTB=(0<<PORTB7) | (0<<PORTB6) | (0<<PORTB5) | (0<<PORTB4) | (0<<PORTB3) | (0<<PORTB2) | (0<<PORTB1) | (0<<PORTB0);
0000b8 e0e0      	LDI  R30,LOW(0)
0000b9 bbe8      	OUT  0x18,R30
                 ; 0000 0034 
                 ; 0000 0035 // Port C initialization
                 ; 0000 0036 // Function: Bit7=In Bit6=In Bit5=In Bit4=In Bit3=In Bit2=In Bit1=In Bit0=In
                 ; 0000 0037 DDRC=0xFF;
0000ba efef      	LDI  R30,LOW(255)
0000bb bbe4      	OUT  0x14,R30
                 ; 0000 0038 // State: Bit7=T Bit6=T Bit5=T Bit4=T Bit3=T Bit2=T Bit1=T Bit0=T
                 ; 0000 0039 PORTC=(0<<PORTC7) | (0<<PORTC6) | (0<<PORTC5) | (0<<PORTC4) | (0<<PORTC3) | (0<<PORTC2) | (0<<PORTC1) | (0<<PORTC0);
0000bc e0e0      	LDI  R30,LOW(0)
0000bd bbe5      	OUT  0x15,R30
                 ; 0000 003A 
                 ; 0000 003B // Port D initialization
                 ; 0000 003C // Function: Bit7=In Bit6=In Bit5=In Bit4=In Bit3=In Bit2=In Bit1=In Bit0=In
                 ; 0000 003D DDRD=0xFF;
0000be efef      	LDI  R30,LOW(255)
0000bf bbe1      	OUT  0x11,R30
                 ; 0000 003E // State: Bit7=T Bit6=T Bit5=T Bit4=T Bit3=T Bit2=T Bit1=T Bit0=T
                 ; 0000 003F PORTD=(0<<PORTD7) | (0<<PORTD6) | (0<<PORTD5) | (0<<PORTD4) | (0<<PORTD3) | (0<<PORTD2) | (0<<PORTD1) | (0<<PORTD0);
0000c0 e0e0      	LDI  R30,LOW(0)
0000c1 bbe2      	OUT  0x12,R30
                 ; 0000 0040 
                 ; 0000 0041 // Timer/Counter 0 initialization
                 ; 0000 0042 // Clock source: System Clock
                 ; 0000 0043 // Clock value: Timer 0 Stopped
                 ; 0000 0044 // Mode: Normal top=0xFF
                 ; 0000 0045 // OC0 output: Disconnected
                 ; 0000 0046 TCCR0=(0<<WGM00) | (0<<COM01) | (0<<COM00) | (0<<WGM01) | (0<<CS02) | (0<<CS01) | (0<<CS00);
0000c2 bfe3      	OUT  0x33,R30
                 ; 0000 0047 TCNT0=0x00;
0000c3 bfe2      	OUT  0x32,R30
                 ; 0000 0048 OCR0=0x00;
0000c4 bfec      	OUT  0x3C,R30
                 ; 0000 0049 
                 ; 0000 004A // Timer/Counter 1 initialization
                 ; 0000 004B // Clock source: System Clock
                 ; 0000 004C // Clock value: Timer1 Stopped
                 ; 0000 004D // Mode: Normal top=0xFFFF
                 ; 0000 004E // OC1A output: Disconnected
                 ; 0000 004F // OC1B output: Disconnected
                 ; 0000 0050 // Noise Canceler: Off
                 ; 0000 0051 // Input Capture on Falling Edge
                 ; 0000 0052 // Timer1 Overflow Interrupt: Off
                 ; 0000 0053 // Input Capture Interrupt: Off
                 ; 0000 0054 // Compare A Match Interrupt: Off
                 ; 0000 0055 // Compare B Match Interrupt: Off
                 ; 0000 0056 TCCR1A=(0<<COM1A1) | (0<<COM1A0) | (0<<COM1B1) | (0<<COM1B0) | (0<<WGM11) | (0<<WGM10);
0000c5 bdef      	OUT  0x2F,R30
                 ; 0000 0057 TCCR1B=(0<<ICNC1) | (0<<ICES1) | (0<<WGM13) | (0<<WGM12) | (0<<CS12) | (0<<CS11) | (0<<CS10);
0000c6 bdee      	OUT  0x2E,R30
                 ; 0000 0058 TCNT1H=0x00;
0000c7 bded      	OUT  0x2D,R30
                 ; 0000 0059 TCNT1L=0x00;
0000c8 bdec      	OUT  0x2C,R30
                 ; 0000 005A ICR1H=0x00;
0000c9 bde7      	OUT  0x27,R30
                 ; 0000 005B ICR1L=0x00;
0000ca bde6      	OUT  0x26,R30
                 ; 0000 005C OCR1AH=0x00;
0000cb bdeb      	OUT  0x2B,R30
                 ; 0000 005D OCR1AL=0x00;
0000cc bdea      	OUT  0x2A,R30
                 ; 0000 005E OCR1BH=0x00;
0000cd bde9      	OUT  0x29,R30
                 ; 0000 005F OCR1BL=0x00;
0000ce bde8      	OUT  0x28,R30
                 ; 0000 0060 
                 ; 0000 0061 // Timer/Counter 2 initialization
                 ; 0000 0062 // Clock source: System Clock
                 ; 0000 0063 // Clock value: Timer2 Stopped
                 ; 0000 0064 // Mode: Normal top=0xFF
                 ; 0000 0065 // OC2 output: Disconnected
                 ; 0000 0066 ASSR=0<<AS2;
0000cf bde2      	OUT  0x22,R30
                 ; 0000 0067 TCCR2=(0<<PWM2) | (0<<COM21) | (0<<COM20) | (0<<CTC2) | (0<<CS22) | (0<<CS21) | (0<<CS20);
0000d0 bde5      	OUT  0x25,R30
                 ; 0000 0068 TCNT2=0x00;
0000d1 bde4      	OUT  0x24,R30
                 ; 0000 0069 OCR2=0x00;
0000d2 bde3      	OUT  0x23,R30
                 ; 0000 006A 
                 ; 0000 006B // Timer(s)/Counter(s) Interrupt(s) initialization
                 ; 0000 006C TIMSK=(0<<OCIE2) | (0<<TOIE2) | (0<<TICIE1) | (0<<OCIE1A) | (0<<OCIE1B) | (0<<TOIE1) | (0<<OCIE0) | (0<<TOIE0);
0000d3 bfe9      	OUT  0x39,R30
                 ; 0000 006D 
                 ; 0000 006E // External Interrupt(s) initialization
                 ; 0000 006F // INT0: Off
                 ; 0000 0070 // INT1: Off
                 ; 0000 0071 // INT2: Off
                 ; 0000 0072 MCUCR=(0<<ISC11) | (0<<ISC10) | (0<<ISC01) | (0<<ISC00);
0000d4 bfe5      	OUT  0x35,R30
                 ; 0000 0073 MCUCSR=(0<<ISC2);
0000d5 bfe4      	OUT  0x34,R30
                 ; 0000 0074 
                 ; 0000 0075 // USART initialization
                 ; 0000 0076 // USART disabled
                 ; 0000 0077 UCSRB=(0<<RXCIE) | (0<<TXCIE) | (0<<UDRIE) | (0<<RXEN) | (0<<TXEN) | (0<<UCSZ2) | (0<<RXB8) | (0<<TXB8);
0000d6 b9ea      	OUT  0xA,R30
                 ; 0000 0078 
                 ; 0000 0079 // Analog Comparator initialization
                 ; 0000 007A // Analog Comparator: Off
                 ; 0000 007B // The Analog Comparator's positive input is
                 ; 0000 007C // connected to the AIN0 pin
                 ; 0000 007D // The Analog Comparator's negative input is
                 ; 0000 007E // connected to the AIN1 pin
                 ; 0000 007F ACSR=(1<<ACD) | (0<<ACBG) | (0<<ACO) | (0<<ACI) | (0<<ACIE) | (0<<ACIC) | (0<<ACIS1) | (0<<ACIS0);
0000d7 e8e0      	LDI  R30,LOW(128)
0000d8 b9e8      	OUT  0x8,R30
                 ; 0000 0080 SFIOR=(0<<ACME);
0000d9 e0e0      	LDI  R30,LOW(0)
0000da bfe0      	OUT  0x30,R30
                 ; 0000 0081 
                 ; 0000 0082 // ADC initialization
                 ; 0000 0083 // ADC disabled
                 ; 0000 0084 ADCSRA=(0<<ADEN) | (0<<ADSC) | (0<<ADATE) | (0<<ADIF) | (0<<ADIE) | (0<<ADPS2) | (0<<ADPS1) | (0<<ADPS0);
0000db b9e6      	OUT  0x6,R30
                 ; 0000 0085 
                 ; 0000 0086 // SPI initialization
                 ; 0000 0087 // SPI disabled
                 ; 0000 0088 SPCR=(0<<SPIE) | (0<<SPE) | (0<<DORD) | (0<<MSTR) | (0<<CPOL) | (0<<CPHA) | (0<<SPR1) | (0<<SPR0);
0000dc b9ed      	OUT  0xD,R30
                 ; 0000 0089 
                 ; 0000 008A // TWI initialization
                 ; 0000 008B // TWI disabled
                 ; 0000 008C TWCR=(0<<TWEA) | (0<<TWSTA) | (0<<TWSTO) | (0<<TWEN) | (0<<TWIE);
0000dd bfe6      	OUT  0x36,R30
                 ; 0000 008D 
                 ; 0000 008E // Alphanumeric LCD initialization
                 ; 0000 008F // Connections are specified in the
                 ; 0000 0090 // Project|Configure|C Compiler|Libraries|Alphanumeric LCD menu:
                 ; 0000 0091 // RS: PORTC Bit 0
                 ; 0000 0092 // RD: PORTC Bit 1
                 ; 0000 0093 // EN: PORTC Bit 2
                 ; 0000 0094 // D4: PORTC Bit 4
                 ; 0000 0095 // D5: PORTC Bit 5
                 ; 0000 0096 // D6: PORTC Bit 6
                 ; 0000 0097 // D7: PORTC Bit 7
                 ; 0000 0098 // Characters/line: 16
                 ; 0000 0099 lcd_init(16);
0000de e1a0      	LDI  R26,LOW(16)
0000df d068      	RCALL _lcd_init
                 ; 0000 009A 
                 ; 0000 009B while (1)
                 _0x4:
                 ; 0000 009C {
                 ; 0000 009D lcd_clear();
0000e0 d044      	RCALL _lcd_clear
                 ; 0000 009E if (PINA.1 == 0){
0000e1 99c9      	SBIC 0x19,1
0000e2 c003      	RJMP _0x7
                 ; 0000 009F lcd_printf("on");
                +
0000e3 ede4     +LDI R30 , LOW ( 2 * _0x0 + ( 0 ) )
0000e4 e0f0     +LDI R31 , HIGH ( 2 * _0x0 + ( 0 ) )
                 	__POINTW1FN _0x0,0
0000e5 c002      	RJMP _0xA
                 ; 0000 00A0 }
                 ; 0000 00A1 else {
                 _0x7:
                 ; 0000 00A2 lcd_printf("off");
                +
0000e6 ede7     +LDI R30 , LOW ( 2 * _0x0 + ( 3 ) )
0000e7 e0f0     +LDI R31 , HIGH ( 2 * _0x0 + ( 3 ) )
                 	__POINTW1FN _0x0,3
                 _0xA:
0000e8 93fa      	ST   -Y,R31
0000e9 93ea      	ST   -Y,R30
0000ea e080      	LDI  R24,0
0000eb d1be      	RCALL _lcd_printf
0000ec 9622      	ADIW R28,2
                 ; 0000 00A3 }
                 ; 0000 00A4 
                 ; 0000 00A5 
                 ; 0000 00A6 tampildata();
0000ed dfb8      	RCALL _tampildata
                 ; 0000 00A7 }
0000ee cff1      	RJMP _0x4
                 ; 0000 00A8 }
                 _0x9:
0000ef cfff      	RJMP _0x9
                 ; .FEND
                 	#ifndef __SLEEP_DEFINED__
                 	#endif
                 
                 	.DSEG
                 
                 	.CSEG
                 __lcd_write_nibble_G100:
                 ; .FSTART __lcd_write_nibble_G100
0000f0 931a      	ST   -Y,R17
0000f1 2f1a      	MOV  R17,R26
0000f2 b3e5      	IN   R30,0x15
0000f3 70ef      	ANDI R30,LOW(0xF)
0000f4 2fae      	MOV  R26,R30
0000f5 2fe1      	MOV  R30,R17
0000f6 7fe0      	ANDI R30,LOW(0xF0)
0000f7 2bea      	OR   R30,R26
0000f8 bbe5      	OUT  0x15,R30
                +
0000f9 e184     +LDI R24 , LOW ( 20 )
                +__DELAY_USB_LOOP :
0000fa 958a     +DEC R24
0000fb f7f1     +BRNE __DELAY_USB_LOOP
                 	__DELAY_USB 20
0000fc 9aaa      	SBI  0x15,2
                +
0000fd e184     +LDI R24 , LOW ( 20 )
                +__DELAY_USB_LOOP :
0000fe 958a     +DEC R24
0000ff f7f1     +BRNE __DELAY_USB_LOOP
                 	__DELAY_USB 20
000100 98aa      	CBI  0x15,2
                +
000101 e184     +LDI R24 , LOW ( 20 )
                +__DELAY_USB_LOOP :
000102 958a     +DEC R24
000103 f7f1     +BRNE __DELAY_USB_LOOP
                 	__DELAY_USB 20
000104 c06d      	RJMP _0x2080001
                 ; .FEND
                 __lcd_write_data:
                 ; .FSTART __lcd_write_data
000105 93aa      	ST   -Y,R26
000106 81a8      	LD   R26,Y
000107 dfe8      	RCALL __lcd_write_nibble_G100
000108 81e8          ld    r30,y
000109 95e2          swap  r30
00010a 83e8          st    y,r30
00010b 81a8      	LD   R26,Y
00010c dfe3      	RCALL __lcd_write_nibble_G100
                +
00010d ec88     +LDI R24 , LOW ( 200 )
                +__DELAY_USB_LOOP :
00010e 958a     +DEC R24
00010f f7f1     +BRNE __DELAY_USB_LOOP
                 	__DELAY_USB 200
000110 9621      	ADIW R28,1
000111 9508      	RET
                 ; .FEND
                 _lcd_gotoxy:
                 ; .FSTART _lcd_gotoxy
000112 931a      	ST   -Y,R17
000113 930a      	ST   -Y,R16
000114 2f1a      	MOV  R17,R26
000115 810a      	LDD  R16,Y+2
000116 2fe1      	MOV  R30,R17
000117 e0f0      	LDI  R31,0
000118 53ec      	SUBI R30,LOW(-__base_y_G100)
000119 4ffd      	SBCI R31,HIGH(-__base_y_G100)
00011a 81e0      	LD   R30,Z
00011b 0fe0      	ADD  R30,R16
00011c 2fae      	MOV  R26,R30
00011d dfe7      	RCALL __lcd_write_data
00011e 2ec0      	MOV  R12,R16
00011f 9310 02c8 	STS  __lcd_y,R17
000121 8119      	LDD  R17,Y+1
000122 8108      	LDD  R16,Y+0
000123 9623      	ADIW R28,3
000124 9508      	RET
                 ; .FEND
                 _lcd_clear:
                 ; .FSTART _lcd_clear
000125 e0a2      	LDI  R26,LOW(2)
000126 d1c3      	RCALL SUBOPT_0x0
000127 e0ac      	LDI  R26,LOW(12)
000128 dfdc      	RCALL __lcd_write_data
000129 e0a1      	LDI  R26,LOW(1)
00012a d1bf      	RCALL SUBOPT_0x0
00012b e0e0      	LDI  R30,LOW(0)
00012c 93e0 02c8 	STS  __lcd_y,R30
00012e 2ece      	MOV  R12,R30
00012f 9508      	RET
                 ; .FEND
                 _lcd_putchar:
                 ; .FSTART _lcd_putchar
000130 931a      	ST   -Y,R17
000131 2f1a      	MOV  R17,R26
000132 301a      	CPI  R17,10
000133 f021      	BREQ _0x2000005
000134 91e0 02c9 	LDS  R30,__lcd_maxx
000136 16ce      	CP   R12,R30
000137 f050      	BRLO _0x2000004
                 _0x2000005:
000138 e0e0      	LDI  R30,LOW(0)
000139 93ea      	ST   -Y,R30
00013a 91a0 02c8 	LDS  R26,__lcd_y
00013c 5faf      	SUBI R26,-LOW(1)
00013d 93a0 02c8 	STS  __lcd_y,R26
00013f dfd2      	RCALL _lcd_gotoxy
000140 301a      	CPI  R17,10
000141 f181      	BREQ _0x2080001
                 _0x2000004:
000142 94c3      	INC  R12
000143 9aa8      	SBI  0x15,0
000144 2fa1      	MOV  R26,R17
000145 dfbf      	RCALL __lcd_write_data
000146 98a8      	CBI  0x15,0
000147 c02a      	RJMP _0x2080001
                 ; .FEND
                 _lcd_init:
                 ; .FSTART _lcd_init
000148 931a      	ST   -Y,R17
000149 2f1a      	MOV  R17,R26
00014a b3e4      	IN   R30,0x14
00014b 6fe0      	ORI  R30,LOW(0xF0)
00014c bbe4      	OUT  0x14,R30
00014d 9aa2      	SBI  0x14,2
00014e 9aa0      	SBI  0x14,0
00014f 9aa1      	SBI  0x14,1
000150 98aa      	CBI  0x15,2
000151 98a8      	CBI  0x15,0
000152 98a9      	CBI  0x15,1
000153 9310 02c9 	STS  __lcd_maxx,R17
000155 2fe1      	MOV  R30,R17
000156 58e0      	SUBI R30,-LOW(128)
                +
000157 93e0 02c6+STS __base_y_G100 + ( 2 ) , R30
                 	__PUTB1MN __base_y_G100,2
000159 2fe1      	MOV  R30,R17
00015a 54e0      	SUBI R30,-LOW(192)
                +
00015b 93e0 02c7+STS __base_y_G100 + ( 3 ) , R30
                 	__PUTB1MN __base_y_G100,3
00015d e1a4      	LDI  R26,LOW(20)
00015e e0b0      	LDI  R27,0
00015f d1c8      	RCALL _delay_ms
000160 d18d      	RCALL SUBOPT_0x1
000161 d18c      	RCALL SUBOPT_0x1
000162 d18b      	RCALL SUBOPT_0x1
000163 e2a0      	LDI  R26,LOW(32)
000164 df8b      	RCALL __lcd_write_nibble_G100
                +
000165 e28c     +LDI R24 , LOW ( 300 )
000166 e091     +LDI R25 , HIGH ( 300 )
                +__DELAY_USW_LOOP :
000167 9701     +SBIW R24 , 1
000168 f7f1     +BRNE __DELAY_USW_LOOP
                 	__DELAY_USW 300
000169 e2a8      	LDI  R26,LOW(40)
00016a df9a      	RCALL __lcd_write_data
00016b e0a4      	LDI  R26,LOW(4)
00016c df98      	RCALL __lcd_write_data
00016d e8a5      	LDI  R26,LOW(133)
00016e df96      	RCALL __lcd_write_data
00016f e0a6      	LDI  R26,LOW(6)
000170 df94      	RCALL __lcd_write_data
000171 dfb3      	RCALL _lcd_clear
                 _0x2080001:
000172 9119      	LD   R17,Y+
000173 9508      	RET
                 ; .FEND
                 	#ifndef __SLEEP_DEFINED__
                 	#endif
                 
                 	.CSEG
                 __print_G101:
                 ; .FSTART __print_G101
000174 93ba      	ST   -Y,R27
000175 93aa      	ST   -Y,R26
000176 9726      	SBIW R28,6
000177 d19a      	RCALL __SAVELOCR6
000178 e010      	LDI  R17,0
000179 85ac      	LDD  R26,Y+12
00017a 85bd      	LDD  R27,Y+12+1
00017b e0e0      	LDI  R30,LOW(0)
00017c e0f0      	LDI  R31,HIGH(0)
00017d 93ed      	ST   X+,R30
00017e 93fc      	ST   X,R31
                 _0x2020016:
00017f 89ea      	LDD  R30,Y+18
000180 89fb      	LDD  R31,Y+18+1
000181 9631      	ADIW R30,1
000182 8bea      	STD  Y+18,R30
000183 8bfb      	STD  Y+18+1,R31
000184 9731      	SBIW R30,1
000185 91e4      	LPM  R30,Z
000186 2f2e      	MOV  R18,R30
000187 30e0      	CPI  R30,0
000188 f409      	BRNE PC+2
000189 c10b      	RJMP _0x2020018
00018a 2fe1      	MOV  R30,R17
00018b 30e0      	CPI  R30,0
00018c f431      	BRNE _0x202001C
00018d 3225      	CPI  R18,37
00018e f411      	BRNE _0x202001D
00018f e011      	LDI  R17,LOW(1)
000190 c001      	RJMP _0x202001E
                 _0x202001D:
000191 d163      	RCALL SUBOPT_0x2
                 _0x202001E:
000192 c101      	RJMP _0x202001B
                 _0x202001C:
000193 30e1      	CPI  R30,LOW(0x1)
000194 f4a1      	BRNE _0x202001F
000195 3225      	CPI  R18,37
000196 f411      	BRNE _0x2020020
000197 d15d      	RCALL SUBOPT_0x2
000198 c0fa      	RJMP _0x20200CC
                 _0x2020020:
000199 e012      	LDI  R17,LOW(2)
00019a e040      	LDI  R20,LOW(0)
00019b e000      	LDI  R16,LOW(0)
00019c 322d      	CPI  R18,45
00019d f411      	BRNE _0x2020021
00019e e001      	LDI  R16,LOW(1)
00019f c0f4      	RJMP _0x202001B
                 _0x2020021:
0001a0 322b      	CPI  R18,43
0001a1 f411      	BRNE _0x2020022
0001a2 e24b      	LDI  R20,LOW(43)
0001a3 c0f0      	RJMP _0x202001B
                 _0x2020022:
0001a4 3220      	CPI  R18,32
0001a5 f411      	BRNE _0x2020023
0001a6 e240      	LDI  R20,LOW(32)
0001a7 c0ec      	RJMP _0x202001B
                 _0x2020023:
0001a8 c002      	RJMP _0x2020024
                 _0x202001F:
0001a9 30e2      	CPI  R30,LOW(0x2)
0001aa f439      	BRNE _0x2020025
                 _0x2020024:
0001ab e050      	LDI  R21,LOW(0)
0001ac e013      	LDI  R17,LOW(3)
0001ad 3320      	CPI  R18,48
0001ae f411      	BRNE _0x2020026
0001af 6800      	ORI  R16,LOW(128)
0001b0 c0e3      	RJMP _0x202001B
                 _0x2020026:
0001b1 c003      	RJMP _0x2020027
                 _0x2020025:
0001b2 30e3      	CPI  R30,LOW(0x3)
0001b3 f009      	BREQ PC+2
0001b4 c0df      	RJMP _0x202001B
                 _0x2020027:
0001b5 3320      	CPI  R18,48
0001b6 f010      	BRLO _0x202002A
0001b7 332a      	CPI  R18,58
0001b8 f008      	BRLO _0x202002B
                 _0x202002A:
0001b9 c007      	RJMP _0x2020029
                 _0x202002B:
0001ba e0aa      	LDI  R26,LOW(10)
0001bb 9f5a      	MUL  R21,R26
0001bc 2d50      	MOV  R21,R0
0001bd 2fe2      	MOV  R30,R18
0001be 53e0      	SUBI R30,LOW(48)
0001bf 0f5e      	ADD  R21,R30
0001c0 c0d3      	RJMP _0x202001B
                 _0x2020029:
0001c1 2fe2      	MOV  R30,R18
0001c2 36e3      	CPI  R30,LOW(0x63)
0001c3 f439      	BRNE _0x202002F
0001c4 d137      	RCALL SUBOPT_0x3
0001c5 89e8      	LDD  R30,Y+16
0001c6 89f9      	LDD  R31,Y+16+1
0001c7 81a4      	LDD  R26,Z+4
0001c8 93aa      	ST   -Y,R26
0001c9 d138      	RCALL SUBOPT_0x4
0001ca c0c8      	RJMP _0x2020030
                 _0x202002F:
0001cb 37e3      	CPI  R30,LOW(0x73)
0001cc f429      	BRNE _0x2020032
0001cd d12e      	RCALL SUBOPT_0x3
0001ce d139      	RCALL SUBOPT_0x5
0001cf d101      	RCALL _strlen
0001d0 2f1e      	MOV  R17,R30
0001d1 c007      	RJMP _0x2020033
                 _0x2020032:
0001d2 37e0      	CPI  R30,LOW(0x70)
0001d3 f449      	BRNE _0x2020035
0001d4 d127      	RCALL SUBOPT_0x3
0001d5 d132      	RCALL SUBOPT_0x5
0001d6 d106      	RCALL _strlenf
0001d7 2f1e      	MOV  R17,R30
0001d8 6008      	ORI  R16,LOW(8)
                 _0x2020033:
0001d9 6002      	ORI  R16,LOW(2)
0001da 770f      	ANDI R16,LOW(127)
0001db e030      	LDI  R19,LOW(0)
0001dc c03a      	RJMP _0x2020036
                 _0x2020035:
0001dd 36e4      	CPI  R30,LOW(0x64)
0001de f011      	BREQ _0x2020039
0001df 36e9      	CPI  R30,LOW(0x69)
0001e0 f411      	BRNE _0x202003A
                 _0x2020039:
0001e1 6004      	ORI  R16,LOW(4)
0001e2 c002      	RJMP _0x202003B
                 _0x202003A:
0001e3 37e5      	CPI  R30,LOW(0x75)
0001e4 f431      	BRNE _0x202003C
                 _0x202003B:
0001e5 e5e4      	LDI  R30,LOW(_tbl10_G101*2)
0001e6 e0f0      	LDI  R31,HIGH(_tbl10_G101*2)
0001e7 83ee      	STD  Y+6,R30
0001e8 83ff      	STD  Y+6+1,R31
0001e9 e015      	LDI  R17,LOW(5)
0001ea c00c      	RJMP _0x202003D
                 _0x202003C:
0001eb 35e8      	CPI  R30,LOW(0x58)
0001ec f411      	BRNE _0x202003F
0001ed 6008      	ORI  R16,LOW(8)
0001ee c003      	RJMP _0x2020040
                 _0x202003F:
0001ef 37e8      	CPI  R30,LOW(0x78)
0001f0 f009      	BREQ PC+2
0001f1 c0a1      	RJMP _0x2020071
                 _0x2020040:
0001f2 e5ee      	LDI  R30,LOW(_tbl16_G101*2)
0001f3 e0f0      	LDI  R31,HIGH(_tbl16_G101*2)
0001f4 83ee      	STD  Y+6,R30
0001f5 83ff      	STD  Y+6+1,R31
0001f6 e014      	LDI  R17,LOW(4)
                 _0x202003D:
0001f7 ff02      	SBRS R16,2
0001f8 c015      	RJMP _0x2020042
0001f9 d102      	RCALL SUBOPT_0x3
0001fa 89a8      	LDD  R26,Y+16
0001fb 89b9      	LDD  R27,Y+16+1
0001fc 9614      	ADIW R26,4
0001fd 91ed      	LD   R30,X+
0001fe 91fd      	LD   R31,X+
0001ff 87ea      	STD  Y+10,R30
000200 87fb      	STD  Y+10+1,R31
000201 85ab      	LDD  R26,Y+11
000202 23aa      	TST  R26
000203 f422      	BRPL _0x2020043
000204 d11b      	RCALL __ANEGW1
000205 87ea      	STD  Y+10,R30
000206 87fb      	STD  Y+10+1,R31
000207 e24d      	LDI  R20,LOW(45)
                 _0x2020043:
000208 3040      	CPI  R20,0
000209 f011      	BREQ _0x2020044
00020a 5f1f      	SUBI R17,-LOW(1)
00020b c001      	RJMP _0x2020045
                 _0x2020044:
00020c 7f0b      	ANDI R16,LOW(251)
                 _0x2020045:
00020d c009      	RJMP _0x2020046
                 _0x2020042:
00020e d0ed      	RCALL SUBOPT_0x3
00020f 89a8      	LDD  R26,Y+16
000210 89b9      	LDD  R27,Y+16+1
000211 9614      	ADIW R26,4
                +
000212 91ed     +LD R30 , X +
000213 91fc     +LD R31 , X
000214 9711     +SBIW R26 , 1
                 	__GETW1P
000215 87ea      	STD  Y+10,R30
000216 87fb      	STD  Y+10+1,R31
                 _0x2020046:
                 _0x2020036:
000217 fd00      	SBRC R16,0
000218 c010      	RJMP _0x2020047
                 _0x2020048:
000219 1715      	CP   R17,R21
00021a f470      	BRSH _0x202004A
00021b ff07      	SBRS R16,7
00021c c008      	RJMP _0x202004B
00021d ff02      	SBRS R16,2
00021e c004      	RJMP _0x202004C
00021f 7f0b      	ANDI R16,LOW(251)
000220 2f24      	MOV  R18,R20
000221 5011      	SUBI R17,LOW(1)
000222 c001      	RJMP _0x202004D
                 _0x202004C:
000223 e320      	LDI  R18,LOW(48)
                 _0x202004D:
000224 c001      	RJMP _0x202004E
                 _0x202004B:
000225 e220      	LDI  R18,LOW(32)
                 _0x202004E:
000226 d0ce      	RCALL SUBOPT_0x2
000227 5051      	SUBI R21,LOW(1)
000228 cff0      	RJMP _0x2020048
                 _0x202004A:
                 _0x2020047:
000229 2f31      	MOV  R19,R17
00022a ff01      	SBRS R16,1
00022b c016      	RJMP _0x202004F
                 _0x2020050:
00022c 3030      	CPI  R19,0
00022d f099      	BREQ _0x2020052
00022e ff03      	SBRS R16,3
00022f c006      	RJMP _0x2020053
000230 81ee      	LDD  R30,Y+6
000231 81ff      	LDD  R31,Y+6+1
000232 9125      	LPM  R18,Z+
000233 83ee      	STD  Y+6,R30
000234 83ff      	STD  Y+6+1,R31
000235 c005      	RJMP _0x2020054
                 _0x2020053:
000236 81ae      	LDD  R26,Y+6
000237 81bf      	LDD  R27,Y+6+1
000238 912d      	LD   R18,X+
000239 83ae      	STD  Y+6,R26
00023a 83bf      	STD  Y+6+1,R27
                 _0x2020054:
00023b d0b9      	RCALL SUBOPT_0x2
00023c 3050      	CPI  R21,0
00023d f009      	BREQ _0x2020055
00023e 5051      	SUBI R21,LOW(1)
                 _0x2020055:
00023f 5031      	SUBI R19,LOW(1)
000240 cfeb      	RJMP _0x2020050
                 _0x2020052:
000241 c048      	RJMP _0x2020056
                 _0x202004F:
                 _0x2020058:
000242 e320      	LDI  R18,LOW(48)
000243 81ee      	LDD  R30,Y+6
000244 81ff      	LDD  R31,Y+6+1
000245 d0de      	RCALL __GETW1PF
000246 87e8      	STD  Y+8,R30
000247 87f9      	STD  Y+8+1,R31
000248 81ee      	LDD  R30,Y+6
000249 81ff      	LDD  R31,Y+6+1
00024a 9632      	ADIW R30,2
00024b 83ee      	STD  Y+6,R30
00024c 83ff      	STD  Y+6+1,R31
                 _0x202005A:
00024d 85e8      	LDD  R30,Y+8
00024e 85f9      	LDD  R31,Y+8+1
00024f 85aa      	LDD  R26,Y+10
000250 85bb      	LDD  R27,Y+10+1
000251 17ae      	CP   R26,R30
000252 07bf      	CPC  R27,R31
000253 f050      	BRLO _0x202005C
000254 5f2f      	SUBI R18,-LOW(1)
000255 85a8      	LDD  R26,Y+8
000256 85b9      	LDD  R27,Y+8+1
000257 85ea      	LDD  R30,Y+10
000258 85fb      	LDD  R31,Y+10+1
000259 1bea      	SUB  R30,R26
00025a 0bfb      	SBC  R31,R27
00025b 87ea      	STD  Y+10,R30
00025c 87fb      	STD  Y+10+1,R31
00025d cfef      	RJMP _0x202005A
                 _0x202005C:
00025e 332a      	CPI  R18,58
00025f f028      	BRLO _0x202005D
000260 ff03      	SBRS R16,3
000261 c002      	RJMP _0x202005E
000262 5f29      	SUBI R18,-LOW(7)
000263 c001      	RJMP _0x202005F
                 _0x202005E:
000264 5d29      	SUBI R18,-LOW(39)
                 _0x202005F:
                 _0x202005D:
000265 fd04      	SBRC R16,4
000266 c019      	RJMP _0x2020061
000267 3321      	CPI  R18,49
000268 f420      	BRSH _0x2020063
000269 85a8      	LDD  R26,Y+8
00026a 85b9      	LDD  R27,Y+8+1
00026b 9711      	SBIW R26,1
00026c f409      	BRNE _0x2020062
                 _0x2020063:
00026d c009      	RJMP _0x20200CD
                 _0x2020062:
00026e 1753      	CP   R21,R19
00026f f010      	BRLO _0x2020067
000270 ff00      	SBRS R16,0
000271 c001      	RJMP _0x2020068
                 _0x2020067:
000272 c011      	RJMP _0x2020066
                 _0x2020068:
000273 e220      	LDI  R18,LOW(32)
000274 ff07      	SBRS R16,7
000275 c00a      	RJMP _0x2020069
000276 e320      	LDI  R18,LOW(48)
                 _0x20200CD:
000277 6100      	ORI  R16,LOW(16)
000278 ff02      	SBRS R16,2
000279 c006      	RJMP _0x202006A
00027a 7f0b      	ANDI R16,LOW(251)
00027b 934a      	ST   -Y,R20
00027c d085      	RCALL SUBOPT_0x4
00027d 3050      	CPI  R21,0
00027e f009      	BREQ _0x202006B
00027f 5051      	SUBI R21,LOW(1)
                 _0x202006B:
                 _0x202006A:
                 _0x2020069:
                 _0x2020061:
000280 d074      	RCALL SUBOPT_0x2
000281 3050      	CPI  R21,0
000282 f009      	BREQ _0x202006C
000283 5051      	SUBI R21,LOW(1)
                 _0x202006C:
                 _0x2020066:
000284 5031      	SUBI R19,LOW(1)
000285 85a8      	LDD  R26,Y+8
000286 85b9      	LDD  R27,Y+8+1
000287 9712      	SBIW R26,2
000288 f008      	BRLO _0x2020059
000289 cfb8      	RJMP _0x2020058
                 _0x2020059:
                 _0x2020056:
00028a ff00      	SBRS R16,0
00028b c007      	RJMP _0x202006D
                 _0x202006E:
00028c 3050      	CPI  R21,0
00028d f029      	BREQ _0x2020070
00028e 5051      	SUBI R21,LOW(1)
00028f e2e0      	LDI  R30,LOW(32)
000290 93ea      	ST   -Y,R30
000291 d070      	RCALL SUBOPT_0x4
000292 cff9      	RJMP _0x202006E
                 _0x2020070:
                 _0x202006D:
                 _0x2020071:
                 _0x2020030:
                 _0x20200CC:
000293 e010      	LDI  R17,LOW(0)
                 _0x202001B:
000294 ceea      	RJMP _0x2020016
                 _0x2020018:
000295 85ac      	LDD  R26,Y+12
000296 85bd      	LDD  R27,Y+12+1
000297 91ed      	LD   R30,X+
000298 91fd      	LD   R31,X+
000299 d07f      	RCALL __LOADLOCR6
00029a 9664      	ADIW R28,20
00029b 9508      	RET
                 ; .FEND
                 _put_lcd_G101:
                 ; .FSTART _put_lcd_G101
00029c d077      	RCALL __SAVELOCR4
00029d 018d      	MOVW R16,R26
00029e 813c      	LDD  R19,Y+4
00029f 2fa3      	MOV  R26,R19
0002a0 de8f      	RCALL _lcd_putchar
0002a1 01d8      	MOVW R26,R16
0002a2 91ed      	LD   R30,X+
0002a3 91fd      	LD   R31,X+
0002a4 9631      	ADIW R30,1
0002a5 93fe      	ST   -X,R31
0002a6 93ee      	ST   -X,R30
0002a7 d073      	RCALL __LOADLOCR4
0002a8 9625      	ADIW R28,5
0002a9 9508      	RET
                 ; .FEND
                 _lcd_printf:
                 ; .FSTART _lcd_printf
0002aa 92ff      	PUSH R15
0002ab 2ef8      	MOV  R15,R24
0002ac 9726      	SBIW R28,6
0002ad 931a      	ST   -Y,R17
0002ae 930a      	ST   -Y,R16
0002af 01de      	MOVW R26,R28
0002b0 9614      	ADIW R26,4
                +
0002b1 2400     +CLR R0
0002b2 0daf     +ADD R26 , R15
0002b3 1db0     +ADC R27 , R0
                 	__ADDW2R15
0002b4 018d      	MOVW R16,R26
0002b5 e0e0      	LDI  R30,LOW(0)
0002b6 83ec      	STD  Y+4,R30
0002b7 83ed      	STD  Y+4+1,R30
0002b8 83ee      	STD  Y+6,R30
0002b9 83ef      	STD  Y+6+1,R30
0002ba 01de      	MOVW R26,R28
0002bb 9618      	ADIW R26,8
                +
0002bc 2400     +CLR R0
0002bd 0daf     +ADD R26 , R15
0002be 1db0     +ADC R27 , R0
                 	__ADDW2R15
0002bf 91ed      	LD   R30,X+
0002c0 91fd      	LD   R31,X+
0002c1 93fa      	ST   -Y,R31
0002c2 93ea      	ST   -Y,R30
0002c3 931a      	ST   -Y,R17
0002c4 930a      	ST   -Y,R16
0002c5 e9ec      	LDI  R30,LOW(_put_lcd_G101)
0002c6 e0f2      	LDI  R31,HIGH(_put_lcd_G101)
0002c7 93fa      	ST   -Y,R31
0002c8 93ea      	ST   -Y,R30
0002c9 01de      	MOVW R26,R28
0002ca 9618      	ADIW R26,8
0002cb dea8      	RCALL __print_G101
0002cc 8119      	LDD  R17,Y+1
0002cd 8108      	LDD  R16,Y+0
0002ce 9628      	ADIW R28,8
0002cf 90ff      	POP  R15
0002d0 9508      	RET
                 ; .FEND
                 
                 	.CSEG
                 
                 	.CSEG
                 _strlen:
                 ; .FSTART _strlen
0002d1 93ba      	ST   -Y,R27
0002d2 93aa      	ST   -Y,R26
0002d3 91a9          ld   r26,y+
0002d4 91b9          ld   r27,y+
0002d5 27ee          clr  r30
0002d6 27ff          clr  r31
                 strlen0:
0002d7 916d          ld   r22,x+
0002d8 2366          tst  r22
0002d9 f011          breq strlen1
0002da 9631          adiw r30,1
0002db cffb          rjmp strlen0
                 strlen1:
0002dc 9508          ret
                 ; .FEND
                 _strlenf:
                 ; .FSTART _strlenf
0002dd 93ba      	ST   -Y,R27
0002de 93aa      	ST   -Y,R26
0002df 27aa          clr  r26
0002e0 27bb          clr  r27
0002e1 91e9          ld   r30,y+
0002e2 91f9          ld   r31,y+
                 strlenf0:
0002e3 9005      	lpm  r0,z+
0002e4 2000          tst  r0
0002e5 f011          breq strlenf1
0002e6 9611          adiw r26,1
0002e7 cffb          rjmp strlenf0
                 strlenf1:
0002e8 01fd          movw r30,r26
0002e9 9508          ret
                 ; .FEND
                 
                 	.DSEG
                 _angka:
000260           	.BYTE 0x64
                 __base_y_G100:
0002c4           	.BYTE 0x4
                 __lcd_y:
0002c8           	.BYTE 0x1
                 __lcd_maxx:
0002c9           	.BYTE 0x1
                 
                 	.CSEG
                 ;OPTIMIZER ADDED SUBROUTINE, CALLED 2 TIMES, CODE SIZE REDUCTION:1 WORDS
                 SUBOPT_0x0:
0002ea de1a      	RCALL __lcd_write_data
0002eb e0a3      	LDI  R26,LOW(3)
0002ec e0b0      	LDI  R27,0
0002ed c03a      	RJMP _delay_ms
                 
                 ;OPTIMIZER ADDED SUBROUTINE, CALLED 3 TIMES, CODE SIZE REDUCTION:8 WORDS
                 SUBOPT_0x1:
0002ee e3a0      	LDI  R26,LOW(48)
0002ef de00      	RCALL __lcd_write_nibble_G100
                +
0002f0 e28c     +LDI R24 , LOW ( 300 )
0002f1 e091     +LDI R25 , HIGH ( 300 )
                +__DELAY_USW_LOOP :
0002f2 9701     +SBIW R24 , 1
0002f3 f7f1     +BRNE __DELAY_USW_LOOP
                 	__DELAY_USW 300
0002f4 9508      	RET
                 
                 ;OPTIMIZER ADDED SUBROUTINE, CALLED 5 TIMES, CODE SIZE REDUCTION:18 WORDS
                 SUBOPT_0x2:
0002f5 932a      	ST   -Y,R18
0002f6 85ad      	LDD  R26,Y+13
0002f7 85be      	LDD  R27,Y+13+1
0002f8 85ef      	LDD  R30,Y+15
0002f9 89f8      	LDD  R31,Y+15+1
0002fa 9509      	ICALL
0002fb 9508      	RET
                 
                 ;OPTIMIZER ADDED SUBROUTINE, CALLED 5 TIMES, CODE SIZE REDUCTION:14 WORDS
                 SUBOPT_0x3:
0002fc 89e8      	LDD  R30,Y+16
0002fd 89f9      	LDD  R31,Y+16+1
0002fe 9734      	SBIW R30,4
0002ff 8be8      	STD  Y+16,R30
000300 8bf9      	STD  Y+16+1,R31
000301 9508      	RET
                 
                 ;OPTIMIZER ADDED SUBROUTINE, CALLED 3 TIMES, CODE SIZE REDUCTION:6 WORDS
                 SUBOPT_0x4:
000302 85ad      	LDD  R26,Y+13
000303 85be      	LDD  R27,Y+13+1
000304 85ef      	LDD  R30,Y+15
000305 89f8      	LDD  R31,Y+15+1
000306 9509      	ICALL
000307 9508      	RET
                 
                 ;OPTIMIZER ADDED SUBROUTINE, CALLED 2 TIMES, CODE SIZE REDUCTION:6 WORDS
                 SUBOPT_0x5:
000308 89a8      	LDD  R26,Y+16
000309 89b9      	LDD  R27,Y+16+1
00030a 9614      	ADIW R26,4
00030b 91ed      	LD   R30,X+
00030c 91fd      	LD   R31,X+
00030d 83ee      	STD  Y+6,R30
00030e 83ff      	STD  Y+6+1,R31
00030f 81ae      	LDD  R26,Y+6
000310 81bf      	LDD  R27,Y+6+1
000311 9508      	RET
                 
                 ;RUNTIME LIBRARY
                 
                 	.CSEG
                 __SAVELOCR6:
000312 935a      	ST   -Y,R21
                 __SAVELOCR5:
000313 934a      	ST   -Y,R20
                 __SAVELOCR4:
000314 933a      	ST   -Y,R19
                 __SAVELOCR3:
000315 932a      	ST   -Y,R18
                 __SAVELOCR2:
000316 931a      	ST   -Y,R17
000317 930a      	ST   -Y,R16
000318 9508      	RET
                 
                 __LOADLOCR6:
000319 815d      	LDD  R21,Y+5
                 __LOADLOCR5:
00031a 814c      	LDD  R20,Y+4
                 __LOADLOCR4:
00031b 813b      	LDD  R19,Y+3
                 __LOADLOCR3:
00031c 812a      	LDD  R18,Y+2
                 __LOADLOCR2:
00031d 8119      	LDD  R17,Y+1
00031e 8108      	LD   R16,Y
00031f 9508      	RET
                 
                 __ANEGW1:
000320 95f1      	NEG  R31
000321 95e1      	NEG  R30
000322 40f0      	SBCI R31,0
000323 9508      	RET
                 
                 __GETW1PF:
000324 9005      	LPM  R0,Z+
000325 91f4      	LPM  R31,Z
000326 2de0      	MOV  R30,R0
000327 9508      	RET
                 
                 _delay_ms:
000328 9610      	adiw r26,0
000329 f039      	breq __delay_ms1
                 __delay_ms0:
00032a 95a8      	wdr
                +
00032b eb88     +LDI R24 , LOW ( 0xBB8 )
00032c e09b     +LDI R25 , HIGH ( 0xBB8 )
                +__DELAY_USW_LOOP :
00032d 9701     +SBIW R24 , 1
00032e f7f1     +BRNE __DELAY_USW_LOOP
                 	__DELAY_USW 0xBB8
00032f 9711      	sbiw r26,1
000330 f7c9      	brne __delay_ms0
                 __delay_ms1:
000331 9508      	ret
                 
                 ;END OF CODE MARKER
                 __END_OF_CODE:


RESOURCE USE INFORMATION
------------------------

Notice:
The register and instruction counts are symbol table hit counts,
and hence implicitly used resources are not counted, eg, the
'lpm' instruction without operands implicitly uses r0 and z,
none of which are counted.

x,y,z are separate entities in the symbol table and are
counted separately from r26..r31 here.

.dseg memory usage only counts static data declared with .byte

ATmega32 register use summary:
r0 :  13 r1 :   1 r2 :   0 r3 :   0 r4 :   1 r5 :   1 r6 :   1 r7 :   1 
r8 :   0 r9 :   0 r10:   0 r11:   0 r12:   4 r13:   0 r14:   0 r15:   5 
r16:  37 r17:  38 r18:  27 r19:  10 r20:   9 r21:  17 r22:   4 r23:   0 
r24:  23 r25:   5 r26:  82 r27:  31 r28:  12 r29:   1 r30: 173 r31:  51 
x  :  23 y  : 131 z  :  14 
Registers used: 26 out of 35 (74.3%)

ATmega32 instruction use summary:
.lds  :   0 .lds.l:   0 .sts  :   0 .sts.l:   0 adc   :   4 add   :   6 
adiw  :  18 and   :   0 andi  :   6 asr   :   0 bclr  :   0 bld   :   0 
brbc  :   0 brbs  :   0 brcc  :   0 brcs  :   0 break :   0 breq  :  15 
brge  :   0 brhc  :   0 brhs  :   0 brid  :   0 brie  :   0 brlo  :   7 
brlt  :   0 brmi  :   0 brne  :  28 brpl  :   1 brsh  :   2 brtc  :   0 
brts  :   0 brvc  :   0 brvs  :   0 bset  :   0 bst   :   0 call  :   0 
cbi   :   5 cbr   :   0 clc   :   0 clh   :   0 cli   :   1 cln   :   0 
clr   :   8 cls   :   0 clt   :   0 clv   :   0 clz   :   0 com   :   0 
cp    :   4 cpc   :   1 cpi   :  31 cpse  :   0 dec   :   5 des   :   0 
eor   :   0 fmul  :   0 fmuls :   0 fmulsu:   0 icall :   2 ijmp  :   0 
in    :   2 inc   :   1 jmp   :  22 ld    :  26 ldd   :  59 ldi   :  88 
lds   :   2 lpm   :  14 lsl   :   0 lsr   :   0 mov   :  25 movw  :  10 
mul   :   1 muls  :   0 mulsu :   0 neg   :   2 nop   :   0 or    :   1 
ori   :   7 out   :  44 pop   :   1 push  :   1 rcall :  49 ret   :  20 
reti  :   0 rjmp  :  57 rol   :   0 ror   :   0 sbc   :   1 sbci  :   2 
sbi   :   5 sbic  :   1 sbis  :   0 sbiw  :  14 sbr   :   0 sbrc  :   2 
sbrs  :  10 sec   :   0 seh   :   0 sei   :   0 sen   :   0 ser   :   0 
ses   :   0 set   :   0 sev   :   0 sez   :   0 sleep :   0 spm   :   0 
st    :  41 std   :  30 sts   :   6 sub   :   1 subi  :  17 swap  :   1 
tst   :   3 wdr   :   1 
Instructions used: 52 out of 116 (44.8%)

ATmega32 memory use summary [bytes]:
Segment   Begin    End      Code   Data   Used    Size   Use%
---------------------------------------------------------------
[.cseg] 0x000000 0x000664   1478    158   1636   32768   5.0%
[.dseg] 0x000060 0x0002ca      0    106    106    2048   5.2%
[.eseg] 0x000000 0x000000      0      0      0    1024   0.0%

Assembly complete, 0 errors, 11 warnings
