RAM Allocation [bytes]
Variable                                                                          Address   Size
------------------------------------------------------------------------------------------------
angka                                                                             0x0260     100
_seed (stdlib.lib)                                                                0x02C4       4
_base_y (alcd.lib)                                                                0x02C8       4
_lcd_x                                                                            0x02CC       1
_lcd_y                                                                            0x02CD       1
_lcd_maxx                                                                         0x02CE       1

EEPROM Allocation [bytes]
Variable                                                                          Address   Size
------------------------------------------------------------------------------------------------

Register Allocation
Variable                                                                          Register  Size
------------------------------------------------------------------------------------------------
mins                                                                              R4,R5        2
sec                                                                               R6,R7        2
prev1                                                                             R8,R9        2
prev2                                                                             R10,R11      2
on                                                                                R13          1
prev_on                                                                           R12          1

FLASH Allocation [words]
Function                                                                          Address   Size
------------------------------------------------------------------------------------------------
tampildata                                                                        0x000AD      3
ubahsec                                                                           0x000B0     18
ubahmins                                                                          0x000C2     18
main                                                                              0x000D4     94
_lcd_write_nibble_G102                                                            0x00132     21
_lcd_write_data                                                                   0x00147     13
lcd_clear                                                                         0x00154     12
lcd_init                                                                          0x00160     44
