RAM Allocation [bytes]
Variable                                                                          Address   Size
------------------------------------------------------------------------------------------------
angka                                                                             0x0260     100
_base_y (alcd.lib)                                                                0x02C4       4
_lcd_y                                                                            0x02C8       1
_lcd_maxx                                                                         0x02C9       1

EEPROM Allocation [bytes]
Variable                                                                          Address   Size
------------------------------------------------------------------------------------------------

Register Allocation
Variable                                                                          Register  Size
------------------------------------------------------------------------------------------------
min                                                                               R4,R5        2
sec                                                                               R6,R7        2
on                                                                                R9           1
prev1                                                                             R8           1
run                                                                               R11          1
prev2                                                                             R10          1
toggle                                                                            R13          1
_lcd_x                                                                            R12          1

FLASH Allocation [words]
Function                                                                          Address   Size
------------------------------------------------------------------------------------------------
tampildata                                                                        0x000A6     13
main                                                                              0x000B3     61
_lcd_write_nibble_G100                                                            0x000F0     21
_lcd_write_data                                                                   0x00105     13
lcd_gotoxy                                                                        0x00112     19
lcd_clear                                                                         0x00125     11
lcd_putchar                                                                       0x00130     24
lcd_init                                                                          0x00148     44
_print_G101                                                                       0x00174    296
put_lcd_G101                                                                      0x0029C     14
lcd_printf                                                                        0x002AA     39
strlen                                                                            0x002D1     12
strlenf                                                                           0x002DD     13
